Archive member included to satisfy reference by file (symbol)

d:/gun-tools-arm-embedded/bin/../lib/gcc/arm-none-eabi/9.2.1/thumb/v7-m/nofp\libgcc.a(_arm_mulsf3.o)
                              CMakeFiles/9.PWM_Output.elf.dir/Bsp/oled.c.obj (__aeabi_fmul)
d:/gun-tools-arm-embedded/bin/../lib/gcc/arm-none-eabi/9.2.1/thumb/v7-m/nofp\libgcc.a(_arm_cmpsf2.o)
                              CMakeFiles/9.PWM_Output.elf.dir/Bsp/oled.c.obj (__aeabi_fcmplt)
d:/gun-tools-arm-embedded/bin/../lib/gcc/arm-none-eabi/9.2.1/thumb/v7-m/nofp\libgcc.a(_arm_fixunssfsi.o)
                              CMakeFiles/9.PWM_Output.elf.dir/Bsp/oled.c.obj (__aeabi_f2uiz)
d:/gun-tools-arm-embedded/bin/../lib/gcc/arm-none-eabi/9.2.1/../../../../arm-none-eabi/lib/thumb/v7-m/nofp\libg.a(lib_a-errno.o)
                              CMakeFiles/9.PWM_Output.elf.dir/Core/Src/syscalls.c.obj (__errno)
d:/gun-tools-arm-embedded/bin/../lib/gcc/arm-none-eabi/9.2.1/../../../../arm-none-eabi/lib/thumb/v7-m/nofp\libg.a(lib_a-exit.o)
                              d:/gun-tools-arm-embedded/bin/../lib/gcc/arm-none-eabi/9.2.1/../../../../arm-none-eabi/lib/thumb/v7-m/nofp/crt0.o (exit)
d:/gun-tools-arm-embedded/bin/../lib/gcc/arm-none-eabi/9.2.1/../../../../arm-none-eabi/lib/thumb/v7-m/nofp\libg.a(lib_a-impure.o)
                              d:/gun-tools-arm-embedded/bin/../lib/gcc/arm-none-eabi/9.2.1/../../../../arm-none-eabi/lib/thumb/v7-m/nofp\libg.a(lib_a-exit.o) (_global_impure_ptr)
d:/gun-tools-arm-embedded/bin/../lib/gcc/arm-none-eabi/9.2.1/../../../../arm-none-eabi/lib/thumb/v7-m/nofp\libg.a(lib_a-init.o)
                              d:/gun-tools-arm-embedded/bin/../lib/gcc/arm-none-eabi/9.2.1/../../../../arm-none-eabi/lib/thumb/v7-m/nofp/crt0.o (__libc_init_array)
d:/gun-tools-arm-embedded/bin/../lib/gcc/arm-none-eabi/9.2.1/../../../../arm-none-eabi/lib/thumb/v7-m/nofp\libg.a(lib_a-memset.o)
                              d:/gun-tools-arm-embedded/bin/../lib/gcc/arm-none-eabi/9.2.1/../../../../arm-none-eabi/lib/thumb/v7-m/nofp/crt0.o (memset)
d:/gun-tools-arm-embedded/bin/../lib/gcc/arm-none-eabi/9.2.1/../../../../arm-none-eabi/lib/thumb/v7-m/nofp\libg.a(lib_a-__call_atexit.o)
                              d:/gun-tools-arm-embedded/bin/../lib/gcc/arm-none-eabi/9.2.1/../../../../arm-none-eabi/lib/thumb/v7-m/nofp\libg.a(lib_a-exit.o) (__call_exitprocs)
d:/gun-tools-arm-embedded/bin/../lib/gcc/arm-none-eabi/9.2.1/../../../../arm-none-eabi/lib/thumb/v7-m/nofp\libg.a(lib_a-atexit.o)
                              d:/gun-tools-arm-embedded/bin/../lib/gcc/arm-none-eabi/9.2.1/../../../../arm-none-eabi/lib/thumb/v7-m/nofp\libg.a(lib_a-__call_atexit.o) (atexit)
d:/gun-tools-arm-embedded/bin/../lib/gcc/arm-none-eabi/9.2.1/../../../../arm-none-eabi/lib/thumb/v7-m/nofp\libg.a(lib_a-fini.o)
                              d:/gun-tools-arm-embedded/bin/../lib/gcc/arm-none-eabi/9.2.1/../../../../arm-none-eabi/lib/thumb/v7-m/nofp\libg.a(lib_a-__call_atexit.o) (__libc_fini_array)
d:/gun-tools-arm-embedded/bin/../lib/gcc/arm-none-eabi/9.2.1/../../../../arm-none-eabi/lib/thumb/v7-m/nofp\libg.a(lib_a-lock.o)
                              d:/gun-tools-arm-embedded/bin/../lib/gcc/arm-none-eabi/9.2.1/../../../../arm-none-eabi/lib/thumb/v7-m/nofp\libg.a(lib_a-__call_atexit.o) (__retarget_lock_acquire_recursive)
d:/gun-tools-arm-embedded/bin/../lib/gcc/arm-none-eabi/9.2.1/../../../../arm-none-eabi/lib/thumb/v7-m/nofp\libg.a(lib_a-__atexit.o)
                              d:/gun-tools-arm-embedded/bin/../lib/gcc/arm-none-eabi/9.2.1/../../../../arm-none-eabi/lib/thumb/v7-m/nofp\libg.a(lib_a-atexit.o) (__register_exitproc)

Allocating common symbols
Common symbol       size              file

__lock___atexit_recursive_mutex
                    0x1               d:/gun-tools-arm-embedded/bin/../lib/gcc/arm-none-eabi/9.2.1/../../../../arm-none-eabi/lib/thumb/v7-m/nofp\libg.a(lib_a-lock.o)
__lock___arc4random_mutex
                    0x1               d:/gun-tools-arm-embedded/bin/../lib/gcc/arm-none-eabi/9.2.1/../../../../arm-none-eabi/lib/thumb/v7-m/nofp\libg.a(lib_a-lock.o)
__lock___env_recursive_mutex
                    0x1               d:/gun-tools-arm-embedded/bin/../lib/gcc/arm-none-eabi/9.2.1/../../../../arm-none-eabi/lib/thumb/v7-m/nofp\libg.a(lib_a-lock.o)
__lock___sinit_recursive_mutex
                    0x1               d:/gun-tools-arm-embedded/bin/../lib/gcc/arm-none-eabi/9.2.1/../../../../arm-none-eabi/lib/thumb/v7-m/nofp\libg.a(lib_a-lock.o)
__lock___malloc_recursive_mutex
                    0x1               d:/gun-tools-arm-embedded/bin/../lib/gcc/arm-none-eabi/9.2.1/../../../../arm-none-eabi/lib/thumb/v7-m/nofp\libg.a(lib_a-lock.o)
__lock___at_quick_exit_mutex
                    0x1               d:/gun-tools-arm-embedded/bin/../lib/gcc/arm-none-eabi/9.2.1/../../../../arm-none-eabi/lib/thumb/v7-m/nofp\libg.a(lib_a-lock.o)
__lock___dd_hash_mutex
[...]
Memory Configuration

Name             Origin             Length             Attributes
RAM              0x20000000         0x00005000         xrw
FLASH            0x08000000         0x00010000         xr
*default*        0x00000000         0xffffffff

Linker script and memory map

LOAD d:/gun-tools-arm-embedded/bin/../lib/gcc/arm-none-eabi/9.2.1/thumb/v7-m/nofp/crti.o
LOAD d:/gun-tools-arm-embedded/bin/../lib/gcc/arm-none-eabi/9.2.1/thumb/v7-m/nofp/crtbegin.o
LOAD d:/gun-tools-arm-embedded/bin/../lib/gcc/arm-none-eabi/9.2.1/../../../../arm-none-eabi/lib/thumb/v7-m/nofp/crt0.o
LOAD CMakeFiles/9.PWM_Output.elf.dir/Bsp/gtim.c.obj
LOAD CMakeFiles/9.PWM_Output.elf.dir/Bsp/led.c.obj
LOAD CMakeFiles/9.PWM_Output.elf.dir/Bsp/oled.c.obj
LOAD CMakeFiles/9.PWM_Output.elf.dir/Core/Src/main.c.obj
LOAD CMakeFiles/9.PWM_Output.elf.dir/Core/Src/stm32f1xx_hal_msp.c.obj
LOAD CMakeFiles/9.PWM_Output.elf.dir/Core/Src/stm32f1xx_it.c.obj
LOAD CMakeFiles/9.PWM_Output.elf.dir/Core/Src/syscalls.c.obj
LOAD CMakeFiles/9.PWM_Output.elf.dir/Core/Src/system_stm32f1xx.c.obj
LOAD CMakeFiles/9.PWM_Output.elf.dir/Drivers/STM32F1xx_HAL_Driver/Src/stm32f1xx_hal.c.obj
LOAD CMakeFiles/9.PWM_Output.elf.dir/Drivers/STM32F1xx_HAL_Driver/Src/stm32f1xx_hal_cortex.c.obj
LOAD CMakeFiles/9.PWM_Output.elf.dir/Drivers/STM32F1xx_HAL_Driver/Src/stm32f1xx_hal_dma.c.obj
LOAD CMakeFiles/9.PWM_Output.elf.dir/Drivers/STM32F1xx_HAL_Driver/Src/stm32f1xx_hal_exti.c.obj
LOAD CMakeFiles/9.PWM_Output.elf.dir/Drivers/STM32F1xx_HAL_Driver/Src/stm32f1xx_hal_flash.c.obj
LOAD CMakeFiles/9.PWM_Output.elf.dir/Drivers/STM32F1xx_HAL_Driver/Src/stm32f1xx_hal_flash_ex.c.obj
LOAD CMakeFiles/9.PWM_Output.elf.dir/Drivers/STM32F1xx_HAL_Driver/Src/stm32f1xx_hal_gpio.c.obj
LOAD CMakeFiles/9.PWM_Output.elf.dir/Drivers/STM32F1xx_HAL_Driver/Src/stm32f1xx_hal_gpio_ex.c.obj
LOAD CMakeFiles/9.PWM_Output.elf.dir/Drivers/STM32F1xx_HAL_Driver/Src/stm32f1xx_hal_i2c.c.obj
LOAD CMakeFiles/9.PWM_Output.elf.dir/Drivers/STM32F1xx_HAL_Driver/Src/stm32f1xx_hal_pwr.c.obj
LOAD CMakeFiles/9.PWM_Output.elf.dir/Drivers/STM32F1xx_HAL_Driver/Src/stm32f1xx_hal_rcc.c.obj
LOAD CMakeFiles/9.PWM_Output.elf.dir/Drivers/STM32F1xx_HAL_Driver/Src/stm32f1xx_hal_rcc_ex.c.obj
LOAD CMakeFiles/9.PWM_Output.elf.dir/Drivers/STM32F1xx_HAL_Driver/Src/stm32f1xx_hal_tim.c.obj
LOAD CMakeFiles/9.PWM_Output.elf.dir/Drivers/STM32F1xx_HAL_Driver/Src/stm32f1xx_hal_tim_ex.c.obj
LOAD CMakeFiles/9.PWM_Output.elf.dir/System/sys.c.obj
LOAD CMakeFiles/9.PWM_Output.elf.dir/startup/startup_stm32f103xb.s.obj
START GROUP
LOAD d:/gun-tools-arm-embedded/bin/../lib/gcc/arm-none-eabi/9.2.1/thumb/v7-m/nofp\libgcc.a
LOAD d:/gun-tools-arm-embedded/bin/../lib/gcc/arm-none-eabi/9.2.1/../../../../arm-none-eabi/lib/thumb/v7-m/nofp\libg.a
LOAD d:/gun-tools-arm-embedded/bin/../lib/gcc/arm-none-eabi/9.2.1/../../../../arm-none-eabi/lib/thumb/v7-m/nofp\libc.a
END GROUP
LOAD d:/gun-tools-arm-embedded/bin/../lib/gcc/arm-none-eabi/9.2.1/thumb/v7-m/nofp/crtend.o
LOAD d:/gun-tools-arm-embedded/bin/../lib/gcc/arm-none-eabi/9.2.1/thumb/v7-m/nofp/crtn.o
                0x20005000                _estack = (ORIGIN (RAM) + LENGTH (RAM))
                0x00000200                _Min_Heap_Size = 0x200
                0x00000400                _Min_Stack_Size = 0x400

.isr_vector     0x08000000      0x10c
                0x08000000                . = ALIGN (0x4)
 *(.isr_vector)
 .isr_vector    0x08000000      0x10c CMakeFiles/9.PWM_Output.elf.dir/startup/startup_stm32f103xb.s.obj
                0x08000000                g_pfnVectors
                0x0800010c                . = ALIGN (0x4)

.text           0x0800010c     0x14f4
                0x0800010c                . = ALIGN (0x4)
 *(.text)
 .text          0x0800010c       0x40 d:/gun-tools-arm-embedded/bin/../lib/gcc/arm-none-eabi/9.2.1/thumb/v7-m/nofp/crtbegin.o
 *(.text*)
 .text.TIM3_IRQHandler
                0x0800014c       0x2c CMakeFiles/9.PWM_Output.elf.dir/Bsp/gtim.c.obj
                0x0800014c                TIM3_IRQHandler
 .text.gtim_timx_pwm_chy_init
                0x08000178       0x50 CMakeFiles/9.PWM_Output.elf.dir/Bsp/gtim.c.obj
                0x08000178                gtim_timx_pwm_chy_init
 .text.HAL_TIM_PWM_MspInit
                0x080001c8       0x58 CMakeFiles/9.PWM_Output.elf.dir/Bsp/gtim.c.obj
                0x080001c8                HAL_TIM_PWM_MspInit
 .text.LED_Init
                0x08000220       0x40 CMakeFiles/9.PWM_Output.elf.dir/Bsp/led.c.obj
                0x08000220                LED_Init
 .text.MX_GPIO_Init
                0x08000260       0x30 CMakeFiles/9.PWM_Output.elf.dir/Core/Src/main.c.obj
 .text.Error_Handler
                0x08000290        0x4 CMakeFiles/9.PWM_Output.elf.dir/Core/Src/main.c.obj
                0x08000290                Error_Handler
 .text.MX_I2C1_Init
                0x08000294       0x38 CMakeFiles/9.PWM_Output.elf.dir/Core/Src/main.c.obj
 .text.SystemClock_Config
                0x080002cc       0x52 CMakeFiles/9.PWM_Output.elf.dir/Core/Src/main.c.obj
                0x080002cc                SystemClock_Config
 .text.main     0x0800031e       0x50 CMakeFiles/9.PWM_Output.elf.dir/Core/Src/main.c.obj
                0x0800031e                main
 *fill*         0x0800036e        0x2 
 .text.HAL_MspInit
                0x08000370       0x44 CMakeFiles/9.PWM_Output.elf.dir/Core/Src/stm32f1xx_hal_msp.c.obj
                0x08000370                HAL_MspInit
 .text.HAL_I2C_MspInit
                0x080003b4       0x64 CMakeFiles/9.PWM_Output.elf.dir/Core/Src/stm32f1xx_hal_msp.c.obj
                0x080003b4                HAL_I2C_MspInit
 .text.NMI_Handler
                0x08000418        0x2 CMakeFiles/9.PWM_Output.elf.dir/Core/Src/stm32f1xx_it.c.obj
                0x08000418                NMI_Handler
 .text.HardFault_Handler
                0x0800041a        0x2 CMakeFiles/9.PWM_Output.elf.dir/Core/Src/stm32f1xx_it.c.obj
                0x0800041a                HardFault_Handler
 .text.MemManage_Handler
                0x0800041c        0x2 CMakeFiles/9.PWM_Output.elf.dir/Core/Src/stm32f1xx_it.c.obj
                0x0800041c                MemManage_Handler
 .text.BusFault_Handler
                0x0800041e        0x2 CMakeFiles/9.PWM_Output.elf.dir/Core/Src/stm32f1xx_it.c.obj
                0x0800041e                BusFault_Handler
 .text.UsageFault_Handler
                0x08000420        0x2 CMakeFiles/9.PWM_Output.elf.dir/Core/Src/stm32f1xx_it.c.obj
                0x08000420                UsageFault_Handler
 .text.SVC_Handler
                0x08000422        0x2 CMakeFiles/9.PWM_Output.elf.dir/Core/Src/stm32f1xx_it.c.obj
                0x08000422                SVC_Handler
 .text.DebugMon_Handler
                0x08000424        0x2 CMakeFiles/9.PWM_Output.elf.dir/Core/Src/stm32f1xx_it.c.obj
                0x08000424                DebugMon_Handler
 .text.PendSV_Handler
                0x08000426        0x2 CMakeFiles/9.PWM_Output.elf.dir/Core/Src/stm32f1xx_it.c.obj
                0x08000426                PendSV_Handler
 .text.SysTick_Handler
                0x08000428        0x8 CMakeFiles/9.PWM_Output.elf.dir/Core/Src/stm32f1xx_it.c.obj
                0x08000428                SysTick_Handler
 .text.SystemInit
                0x08000430        0x2 CMakeFiles/9.PWM_Output.elf.dir/Core/Src/system_stm32f1xx.c.obj
                0x08000430                SystemInit
 *fill*         0x08000432        0x2 
 .text.HAL_InitTick
                0x08000434       0x4c CMakeFiles/9.PWM_Output.elf.dir/Drivers/STM32F1xx_HAL_Driver/Src/stm32f1xx_hal.c.obj
                0x08000434                HAL_InitTick
 .text.HAL_Init
                0x08000480       0x24 CMakeFiles/9.PWM_Output.elf.dir/Drivers/STM32F1xx_HAL_Driver/Src/stm32f1xx_hal.c.obj
                0x08000480                HAL_Init
 .text.HAL_IncTick
                0x080004a4       0x18 CMakeFiles/9.PWM_Output.elf.dir/Drivers/STM32F1xx_HAL_Driver/Src/stm32f1xx_hal.c.obj
                0x080004a4                HAL_IncTick
 .text.HAL_GetTick
                0x080004bc        0xc CMakeFiles/9.PWM_Output.elf.dir/Drivers/STM32F1xx_HAL_Driver/Src/stm32f1xx_hal.c.obj
                0x080004bc                HAL_GetTick
 .text.HAL_Delay
                0x080004c8       0x28 CMakeFiles/9.PWM_Output.elf.dir/Drivers/STM32F1xx_HAL_Driver/Src/stm32f1xx_hal.c.obj
                0x080004c8                HAL_Delay
 .text.HAL_NVIC_SetPriorityGrouping
                0x080004f0       0x24 CMakeFiles/9.PWM_Output.elf.dir/Drivers/STM32F1xx_HAL_Driver/Src/stm32f1xx_hal_cortex.c.obj
                0x080004f0                HAL_NVIC_SetPriorityGrouping
 .text.HAL_NVIC_SetPriority
                0x08000514       0x68 CMakeFiles/9.PWM_Output.elf.dir/Drivers/STM32F1xx_HAL_Driver/Src/stm32f1xx_hal_cortex.c.obj
                0x08000514                HAL_NVIC_SetPriority
 .text.HAL_SYSTICK_Config
                0x0800057c       0x2c CMakeFiles/9.PWM_Output.elf.dir/Drivers/STM32F1xx_HAL_Driver/Src/stm32f1xx_hal_cortex.c.obj
                0x0800057c                HAL_SYSTICK_Config
 .text.HAL_GPIO_Init
                0x080005a8      0x220 CMakeFiles/9.PWM_Output.elf.dir/Drivers/STM32F1xx_HAL_Driver/Src/stm32f1xx_hal_gpio.c.obj
                0x080005a8                HAL_GPIO_Init
 .text.HAL_GPIO_TogglePin
                0x080007c8       0x12 CMakeFiles/9.PWM_Output.elf.dir/Drivers/STM32F1xx_HAL_Driver/Src/stm32f1xx_hal_gpio.c.obj
                0x080007c8                HAL_GPIO_TogglePin
 *fill*         0x080007da        0x2 
 .text.HAL_I2C_Init
                0x080007dc      0x1bc CMakeFiles/9.PWM_Output.elf.dir/Drivers/STM32F1xx_HAL_Driver/Src/stm32f1xx_hal_i2c.c.obj
                0x080007dc                HAL_I2C_Init
 .text.RCC_Delay
                0x08000998       0x2c CMakeFiles/9.PWM_Output.elf.dir/Drivers/STM32F1xx_HAL_Driver/Src/stm32f1xx_hal_rcc.c.obj
 .text.HAL_RCC_OscConfig
                0x080009c4      0x410 CMakeFiles/9.PWM_Output.elf.dir/Drivers/STM32F1xx_HAL_Driver/Src/stm32f1xx_hal_rcc.c.obj
                0x080009c4                HAL_RCC_OscConfig
 .text.HAL_RCC_GetSysClockFreq
                0x08000dd4       0x54 CMakeFiles/9.PWM_Output.elf.dir/Drivers/STM32F1xx_HAL_Driver/Src/stm32f1xx_hal_rcc.c.obj
                0x08000dd4                HAL_RCC_GetSysClockFreq
 .text.HAL_RCC_ClockConfig
                0x08000e28      0x16c CMakeFiles/9.PWM_Output.elf.dir/Drivers/STM32F1xx_HAL_Driver/Src/stm32f1xx_hal_rcc.c.obj
                0x08000e28                HAL_RCC_ClockConfig
 .text.HAL_RCC_GetHCLKFreq
                0x08000f94        0xc CMakeFiles/9.PWM_Output.elf.dir/Drivers/STM32F1xx_HAL_Driver/Src/stm32f1xx_hal_rcc.c.obj
                0x08000f94                HAL_RCC_GetHCLKFreq
 .text.HAL_RCC_GetPCLK1Freq
                0x08000fa0       0x20 CMakeFiles/9.PWM_Output.elf.dir/Drivers/STM32F1xx_HAL_Driver/Src/stm32f1xx_hal_rcc.c.obj
                0x08000fa0                HAL_RCC_GetPCLK1Freq
 .text.TIM_OC1_SetConfig
                0x08000fc0       0x5c CMakeFiles/9.PWM_Output.elf.dir/Drivers/STM32F1xx_HAL_Driver/Src/stm32f1xx_hal_tim.c.obj
 .text.TIM_OC3_SetConfig
                0x0800101c       0x64 CMakeFiles/9.PWM_Output.elf.dir/Drivers/STM32F1xx_HAL_Driver/Src/stm32f1xx_hal_tim.c.obj
 .text.TIM_OC4_SetConfig
                0x08001080       0x48 CMakeFiles/9.PWM_Output.elf.dir/Drivers/STM32F1xx_HAL_Driver/Src/stm32f1xx_hal_tim.c.obj
 .text.TIM_Base_SetConfig
                0x080010c8       0x74 CMakeFiles/9.PWM_Output.elf.dir/Drivers/STM32F1xx_HAL_Driver/Src/stm32f1xx_hal_tim.c.obj
                0x080010c8                TIM_Base_SetConfig
 .text.HAL_TIM_PWM_Init
                0x0800113c       0x58 CMakeFiles/9.PWM_Output.elf.dir/Drivers/STM32F1xx_HAL_Driver/Src/stm32f1xx_hal_tim.c.obj
                0x0800113c                HAL_TIM_PWM_Init
 .text.TIM_OC2_SetConfig
                0x08001194       0x64 CMakeFiles/9.PWM_Output.elf.dir/Drivers/STM32F1xx_HAL_Driver/Src/stm32f1xx_hal_tim.c.obj
                0x08001194                TIM_OC2_SetConfig
 .text.HAL_TIM_PWM_ConfigChannel
                0x080011f8       0xdc CMakeFiles/9.PWM_Output.elf.dir/Drivers/STM32F1xx_HAL_Driver/Src/stm32f1xx_hal_tim.c.obj
                0x080011f8                HAL_TIM_PWM_ConfigChannel
 .text.TIM_CCxChannelCmd
                0x080012d4       0x22 CMakeFiles/9.PWM_Output.elf.dir/Drivers/STM32F1xx_HAL_Driver/Src/stm32f1xx_hal_tim.c.obj
                0x080012d4                TIM_CCxChannelCmd
 *fill*         0x080012f6        0x2 
 .text.HAL_TIM_PWM_Start
                0x080012f8       0xdc CMakeFiles/9.PWM_Output.elf.dir/Drivers/STM32F1xx_HAL_Driver/Src/stm32f1xx_hal_tim.c.obj
                0x080012f8                HAL_TIM_PWM_Start
 .text.Reset_Handler
                0x080013d4       0x48 CMakeFiles/9.PWM_Output.elf.dir/startup/startup_stm32f103xb.s.obj
                0x080013d4                Reset_Handler
 .text.Default_Handler
                0x0800141c        0x2 CMakeFiles/9.PWM_Output.elf.dir/startup/startup_stm32f103xb.s.obj
                0x0800141c                RTC_Alarm_IRQHandler
                0x0800141c                EXTI2_IRQHandler
                0x0800141c                TIM1_CC_IRQHandler
                0x0800141c                PVD_IRQHandler
                0x0800141c                EXTI3_IRQHandler
                0x0800141c                EXTI0_IRQHandler
                0x0800141c                I2C2_EV_IRQHandler
                0x0800141c                ADC1_2_IRQHandler
                0x0800141c                SPI1_IRQHandler
                0x0800141c                TAMPER_IRQHandler
                0x0800141c                DMA1_Channel4_IRQHandler
                0x0800141c                USART3_IRQHandler
                0x0800141c                RTC_IRQHandler
                0x0800141c                DMA1_Channel7_IRQHandler
                0x0800141c                CAN1_RX1_IRQHandler
                0x0800141c                TIM4_IRQHandler
                0x0800141c                I2C1_EV_IRQHandler
                0x0800141c                DMA1_Channel6_IRQHandler
                0x0800141c                RCC_IRQHandler
                0x0800141c                TIM1_TRG_COM_IRQHandler
                0x0800141c                DMA1_Channel1_IRQHandler
                0x0800141c                Default_Handler
                0x0800141c                EXTI15_10_IRQHandler
                0x0800141c                EXTI9_5_IRQHandler
                0x0800141c                SPI2_IRQHandler
                0x0800141c                DMA1_Channel5_IRQHandler
                0x0800141c                EXTI4_IRQHandler
                0x0800141c                USB_LP_CAN1_RX0_IRQHandler
                0x0800141c                USB_HP_CAN1_TX_IRQHandler
                0x0800141c                DMA1_Channel3_IRQHandler
                0x0800141c                TIM1_UP_IRQHandler
                0x0800141c                WWDG_IRQHandler
                0x0800141c                TIM2_IRQHandler
                0x0800141c                TIM1_BRK_IRQHandler
                0x0800141c                EXTI1_IRQHandler
                0x0800141c                USART2_IRQHandler
                0x0800141c                I2C2_ER_IRQHandler
                0x0800141c                DMA1_Channel2_IRQHandler
                0x0800141c                CAN1_SCE_IRQHandler
                0x0800141c                FLASH_IRQHandler
                0x0800141c                USART1_IRQHandler
                0x0800141c                I2C1_ER_IRQHandler
                0x0800141c                USBWakeUp_IRQHandler
 *fill*         0x0800141e        0x2 
 .text.__libc_init_array
                0x08001420       0x48 d:/gun-tools-arm-embedded/bin/../lib/gcc/arm-none-eabi/9.2.1/../../../../arm-none-eabi/lib/thumb/v7-m/nofp\libg.a(lib_a-init.o)
                0x08001420                __libc_init_array
 .text.memset   0x08001468       0xa0 d:/gun-tools-arm-embedded/bin/../lib/gcc/arm-none-eabi/9.2.1/../../../../arm-none-eabi/lib/thumb/v7-m/nofp\libg.a(lib_a-memset.o)
                0x08001468                memset
 .text.startup.register_fini
                0x08001508       0x14 d:/gun-tools-arm-embedded/bin/../lib/gcc/arm-none-eabi/9.2.1/../../../../arm-none-eabi/lib/thumb/v7-m/nofp\libg.a(lib_a-__call_atexit.o)
 .text.atexit   0x0800151c        0xc d:/gun-tools-arm-embedded/bin/../lib/gcc/arm-none-eabi/9.2.1/../../../../arm-none-eabi/lib/thumb/v7-m/nofp\libg.a(lib_a-atexit.o)
                0x0800151c                atexit
 .text.__libc_fini_array
                0x08001528       0x2c d:/gun-tools-arm-embedded/bin/../lib/gcc/arm-none-eabi/9.2.1/../../../../arm-none-eabi/lib/thumb/v7-m/nofp\libg.a(lib_a-fini.o)
                0x08001528                __libc_fini_array
 .text.__retarget_lock_acquire_recursive
                0x08001554        0x4 d:/gun-tools-arm-embedded/bin/../lib/gcc/arm-none-eabi/9.2.1/../../../../arm-none-eabi/lib/thumb/v7-m/nofp\libg.a(lib_a-lock.o)
                0x08001554                __retarget_lock_acquire_recursive
 .text.__retarget_lock_release_recursive
                0x08001558        0x4 d:/gun-tools-arm-embedded/bin/../lib/gcc/arm-none-eabi/9.2.1/../../../../arm-none-eabi/lib/thumb/v7-m/nofp\libg.a(lib_a-lock.o)
                0x08001558                __retarget_lock_release_recursive
 .text.__register_exitproc
                0x0800155c       0x8c d:/gun-tools-arm-embedded/bin/../lib/gcc/arm-none-eabi/9.2.1/../../../../arm-none-eabi/lib/thumb/v7-m/nofp\libg.a(lib_a-__atexit.o)
                0x0800155c                __register_exitproc
 *(.glue_7)
 .glue_7        0x080015e8        0x0 linker stubs
 *(.glue_7t)
 .glue_7t       0x080015e8        0x0 linker stubs
 *(.eh_frame)
 .eh_frame      0x080015e8        0x0 d:/gun-tools-arm-embedded/bin/../lib/gcc/arm-none-eabi/9.2.1/thumb/v7-m/nofp/crtbegin.o
 *(.init)
 .init          0x080015e8        0x4 d:/gun-tools-arm-embedded/bin/../lib/gcc/arm-none-eabi/9.2.1/thumb/v7-m/nofp/crti.o
                0x080015e8                _init
 .init          0x080015ec        0x8 d:/gun-tools-arm-embedded/bin/../lib/gcc/arm-none-eabi/9.2.1/thumb/v7-m/nofp/crtn.o
 *(.fini)
 .fini          0x080015f4        0x4 d:/gun-tools-arm-embedded/bin/../lib/gcc/arm-none-eabi/9.2.1/thumb/v7-m/nofp/crti.o
                0x080015f4                _fini
 .fini          0x080015f8        0x8 d:/gun-tools-arm-embedded/bin/../lib/gcc/arm-none-eabi/9.2.1/thumb/v7-m/nofp/crtn.o
                0x08001600                . = ALIGN (0x4)
                0x08001600                _etext = .

.vfp11_veneer   0x08001600        0x0
 .vfp11_veneer  0x08001600        0x0 linker stubs

.v4_bx          0x08001600        0x0
 .v4_bx         0x08001600        0x0 linker stubs

.iplt           0x08001600        0x0
 .iplt          0x08001600        0x0 d:/gun-tools-arm-embedded/bin/../lib/gcc/arm-none-eabi/9.2.1/thumb/v7-m/nofp/crtbegin.o

.rodata         0x08001600       0x30
                0x08001600                . = ALIGN (0x4)
 *(.rodata)
 *(.rodata*)
 .rodata.AHBPrescTable
                0x08001600       0x10 CMakeFiles/9.PWM_Output.elf.dir/Core/Src/system_stm32f1xx.c.obj
                0x08001600                AHBPrescTable
 .rodata.APBPrescTable
                0x08001610        0x8 CMakeFiles/9.PWM_Output.elf.dir/Core/Src/system_stm32f1xx.c.obj
                0x08001610                APBPrescTable
 .rodata.aPLLMULFactorTable.6283
                0x08001618       0x10 CMakeFiles/9.PWM_Output.elf.dir/Drivers/STM32F1xx_HAL_Driver/Src/stm32f1xx_hal_rcc.c.obj
 .rodata.aPredivFactorTable.6284
                0x08001628        0x2 CMakeFiles/9.PWM_Output.elf.dir/Drivers/STM32F1xx_HAL_Driver/Src/stm32f1xx_hal_rcc.c.obj
 *fill*         0x0800162a        0x2 
 .rodata._global_impure_ptr
                0x0800162c        0x4 d:/gun-tools-arm-embedded/bin/../lib/gcc/arm-none-eabi/9.2.1/../../../../arm-none-eabi/lib/thumb/v7-m/nofp\libg.a(lib_a-impure.o)
                0x0800162c                _global_impure_ptr
                0x08001630                . = ALIGN (0x4)

.rel.dyn        0x08001630        0x0
 .rel.iplt      0x08001630        0x0 d:/gun-tools-arm-embedded/bin/../lib/gcc/arm-none-eabi/9.2.1/thumb/v7-m/nofp/crtbegin.o

.ARM.extab
 *(.ARM.extab* .gnu.linkonce.armextab.*)

.ARM            0x08001630        0x0
                0x08001630                __exidx_start = .
 *(.ARM.exidx*)
                0x08001630                __exidx_end = .

.preinit_array  0x08001630        0x0
                0x08001630                PROVIDE (__preinit_array_start = .)
 *(.preinit_array*)
                0x08001630                PROVIDE (__preinit_array_end = .)

.init_array     0x08001630        0x8
                0x08001630                PROVIDE (__init_array_start = .)
 *(SORT_BY_NAME(.init_array.*))
 .init_array.00000
                0x08001630        0x4 d:/gun-tools-arm-embedded/bin/../lib/gcc/arm-none-eabi/9.2.1/../../../../arm-none-eabi/lib/thumb/v7-m/nofp\libg.a(lib_a-__call_atexit.o)
 *(.init_array*)
 .init_array    0x08001634        0x4 d:/gun-tools-arm-embedded/bin/../lib/gcc/arm-none-eabi/9.2.1/thumb/v7-m/nofp/crtbegin.o
                0x08001638                PROVIDE (__init_array_end = .)

.fini_array     0x08001638        0x4
                0x08001638                PROVIDE (__fini_array_start = .)
 *(SORT_BY_NAME(.fini_array.*))
 *(.fini_array*)
 .fini_array    0x08001638        0x4 d:/gun-tools-arm-embedded/bin/../lib/gcc/arm-none-eabi/9.2.1/thumb/v7-m/nofp/crtbegin.o
                0x0800163c                PROVIDE (__fini_array_end = .)
                0x0800163c                _sidata = LOADADDR (.data)

.data           0x20000000      0x43c load address 0x0800163c
                0x20000000                . = ALIGN (0x4)
                0x20000000                _sdata = .
 *(.data)
 *(.data*)
 .data.SystemCoreClock
                0x20000000        0x4 CMakeFiles/9.PWM_Output.elf.dir/Core/Src/system_stm32f1xx.c.obj
                0x20000000                SystemCoreClock
 .data.uwTickFreq
                0x20000004        0x1 CMakeFiles/9.PWM_Output.elf.dir/Drivers/STM32F1xx_HAL_Driver/Src/stm32f1xx_hal.c.obj
                0x20000004                uwTickFreq
 *fill*         0x20000005        0x3 
 .data.uwTickPrio
                0x20000008        0x4 CMakeFiles/9.PWM_Output.elf.dir/Drivers/STM32F1xx_HAL_Driver/Src/stm32f1xx_hal.c.obj
                0x20000008                uwTickPrio
 *fill*         0x2000000c        0x4 
 .data.impure_data
                0x20000010      0x428 d:/gun-tools-arm-embedded/bin/../lib/gcc/arm-none-eabi/9.2.1/../../../../arm-none-eabi/lib/thumb/v7-m/nofp\libg.a(lib_a-impure.o)
 .data.__atexit_recursive_mutex
                0x20000438        0x4 d:/gun-tools-arm-embedded/bin/../lib/gcc/arm-none-eabi/9.2.1/../../../../arm-none-eabi/lib/thumb/v7-m/nofp\libg.a(lib_a-__call_atexit.o)
                0x20000438                __atexit_recursive_mutex
                0x2000043c                . = ALIGN (0x4)
                0x2000043c                _edata = .

.igot.plt       0x2000043c        0x0 load address 0x08001a78
 .igot.plt      0x2000043c        0x0 d:/gun-tools-arm-embedded/bin/../lib/gcc/arm-none-eabi/9.2.1/thumb/v7-m/nofp/crtbegin.o
                0x2000043c                . = ALIGN (0x4)

.bss            0x2000043c      0x128 load address 0x08001a78
                0x2000043c                _sbss = .
                0x2000043c                __bss_start__ = _sbss
 *(.bss)
 .bss           0x2000043c       0x1c d:/gun-tools-arm-embedded/bin/../lib/gcc/arm-none-eabi/9.2.1/thumb/v7-m/nofp/crtbegin.o
 *(.bss*)
 .bss.g_timx_handle
                0x20000458       0x48 CMakeFiles/9.PWM_Output.elf.dir/Bsp/gtim.c.obj
                0x20000458                g_timx_handle
 .bss.g_timx_pwm_chy_handle
                0x200004a0       0x48 CMakeFiles/9.PWM_Output.elf.dir/Bsp/gtim.c.obj
                0x200004a0                g_timx_pwm_chy_handle
 .bss.hi2c1     0x200004e8       0x54 CMakeFiles/9.PWM_Output.elf.dir/Core/Src/main.c.obj
                0x200004e8                hi2c1
 .bss.uwTick    0x2000053c        0x4 CMakeFiles/9.PWM_Output.elf.dir/Drivers/STM32F1xx_HAL_Driver/Src/stm32f1xx_hal.c.obj
                0x2000053c                uwTick
 *(COMMON)
 COMMON         0x20000540       0x21 d:/gun-tools-arm-embedded/bin/../lib/gcc/arm-none-eabi/9.2.1/../../../../arm-none-eabi/lib/thumb/v7-m/nofp\libg.a(lib_a-lock.o)
                0x20000540                __lock___atexit_recursive_mutex
                0x20000544                __lock___arc4random_mutex
                0x20000548                __lock___env_recursive_mutex
                0x2000054c                __lock___sinit_recursive_mutex
                0x20000550                __lock___malloc_recursive_mutex
                0x20000554                __lock___at_quick_exit_mutex
                0x20000558                __lock___dd_hash_mutex
                0x2000055c                __lock___tz_mutex
                0x20000560                __lock___sfp_recursive_mutex
                0x20000564                . = ALIGN (0x4)
 *fill*         0x20000561        0x3 
                0x20000564                _ebss = .
                0x20000564                __bss_end__ = _ebss

._user_heap_stack
                0x20000564      0x604 load address 0x08001a78
                0x20000568                . = ALIGN (0x8)
 *fill*         0x20000564        0x4 
                0x20000568                PROVIDE (end = .)
                [!provide]                PROVIDE (_end = .)
                0x20000768                . = (. + _Min_Heap_Size)
 *fill*         0x20000568      0x200 
                0x20000b68                . = (. + _Min_Stack_Size)
 *fill*         0x20000768      0x400 
                0x20000b68                . = ALIGN (0x8)

/DISCARD/
 libc.a(*)
 libm.a(*)
 libgcc.a(*)

.ARM.attributes
                0x00000000       0x29
 *(.ARM.attributes)
 .ARM.attributes
                0x00000000       0x1d d:/gun-tools-arm-embedded/bin/../lib/gcc/arm-none-eabi/9.2.1/thumb/v7-m/nofp/crti.o
 .ARM.attributes
                0x0000001d       0x2d d:/gun-tools-arm-embedded/bin/../lib/gcc/arm-none-eabi/9.2.1/thumb/v7-m/nofp/crtbegin.o
 .ARM.attributes
                0x0000004a       0x2d CMakeFiles/9.PWM_Output.elf.dir/Bsp/gtim.c.obj
 .ARM.attributes
                0x00000077       0x2d CMakeFiles/9.PWM_Output.elf.dir/Bsp/led.c.obj
 .ARM.attributes
                0x000000a4       0x2d CMakeFiles/9.PWM_Output.elf.dir/Core/Src/main.c.obj
 .ARM.attributes
                0x000000d1       0x2d CMakeFiles/9.PWM_Output.elf.dir/Core/Src/stm32f1xx_hal_msp.c.obj
 .ARM.attributes
                0x000000fe       0x2d CMakeFiles/9.PWM_Output.elf.dir/Core/Src/stm32f1xx_it.c.obj
 .ARM.attributes
                0x0000012b       0x2d CMakeFiles/9.PWM_Output.elf.dir/Core/Src/system_stm32f1xx.c.obj
 .ARM.attributes
                0x00000158       0x2d CMakeFiles/9.PWM_Output.elf.dir/Drivers/STM32F1xx_HAL_Driver/Src/stm32f1xx_hal.c.obj
 .ARM.attributes
                0x00000185       0x2d CMakeFiles/9.PWM_Output.elf.dir/Drivers/STM32F1xx_HAL_Driver/Src/stm32f1xx_hal_cortex.c.obj
 .ARM.attributes
                0x000001b2       0x2d CMakeFiles/9.PWM_Output.elf.dir/Drivers/STM32F1xx_HAL_Driver/Src/stm32f1xx_hal_gpio.c.obj
 .ARM.attributes
                0x000001df       0x2d CMakeFiles/9.PWM_Output.elf.dir/Drivers/STM32F1xx_HAL_Driver/Src/stm32f1xx_hal_i2c.c.obj
 .ARM.attributes
                0x0000020c       0x2d CMakeFiles/9.PWM_Output.elf.dir/Drivers/STM32F1xx_HAL_Driver/Src/stm32f1xx_hal_rcc.c.obj
 .ARM.attributes
                0x00000239       0x2d CMakeFiles/9.PWM_Output.elf.dir/Drivers/STM32F1xx_HAL_Driver/Src/stm32f1xx_hal_tim.c.obj
 .ARM.attributes
                0x00000266       0x21 CMakeFiles/9.PWM_Output.elf.dir/startup/startup_stm32f103xb.s.obj
 .ARM.attributes
                0x00000287       0x2d d:/gun-tools-arm-embedded/bin/../lib/gcc/arm-none-eabi/9.2.1/../../../../arm-none-eabi/lib/thumb/v7-m/nofp\libg.a(lib_a-impure.o)
 .ARM.attributes
                0x000002b4       0x2d d:/gun-tools-arm-embedded/bin/../lib/gcc/arm-none-eabi/9.2.1/../../../../arm-none-eabi/lib/thumb/v7-m/nofp\libg.a(lib_a-init.o)
 .ARM.attributes
                0x000002e1       0x2d d:/gun-tools-arm-embedded/bin/../lib/gcc/arm-none-eabi/9.2.1/../../../../arm-none-eabi/lib/thumb/v7-m/nofp\libg.a(lib_a-memset.o)
 .ARM.attributes
                0x0000030e       0x2d d:/gun-tools-arm-embedded/bin/../lib/gcc/arm-none-eabi/9.2.1/../../../../arm-none-eabi/lib/thumb/v7-m/nofp\libg.a(lib_a-__call_atexit.o)
 .ARM.attributes
                0x0000033b       0x2d d:/gun-tools-arm-embedded/bin/../lib/gcc/arm-none-eabi/9.2.1/../../../../arm-none-eabi/lib/thumb/v7-m/nofp\libg.a(lib_a-atexit.o)
 .ARM.attributes
                0x00000368       0x2d d:/gun-tools-arm-embedded/bin/../lib/gcc/arm-none-eabi/9.2.1/../../../../arm-none-eabi/lib/thumb/v7-m/nofp\libg.a(lib_a-fini.o)
 .ARM.attributes
                0x00000395       0x2d d:/gun-tools-arm-embedded/bin/../lib/gcc/arm-none-eabi/9.2.1/../../../../arm-none-eabi/lib/thumb/v7-m/nofp\libg.a(lib_a-lock.o)
 .ARM.attributes
                0x000003c2       0x2d d:/gun-tools-arm-embedded/bin/../lib/gcc/arm-none-eabi/9.2.1/../../../../arm-none-eabi/lib/thumb/v7-m/nofp\libg.a(lib_a-__atexit.o)
 .ARM.attributes
                0x000003ef       0x1d d:/gun-tools-arm-embedded/bin/../lib/gcc/arm-none-eabi/9.2.1/thumb/v7-m/nofp/crtn.o
OUTPUT(9.PWM_Output.elf elf32-littlearm)

.debug_info     0x00000000     0xcf7a
 .debug_info    0x00000000      0xcf3 CMakeFiles/9.PWM_Output.elf.dir/Bsp/gtim.c.obj
 .debug_info    0x00000cf3      0x363 CMakeFiles/9.PWM_Output.elf.dir/Bsp/led.c.obj
 .debug_info    0x00001056      0xe05 CMakeFiles/9.PWM_Output.elf.dir/Core/Src/main.c.obj
 .debug_info    0x00001e5b      0x9c9 CMakeFiles/9.PWM_Output.elf.dir/Core/Src/stm32f1xx_hal_msp.c.obj
 .debug_info    0x00002824      0x239 CMakeFiles/9.PWM_Output.elf.dir/Core/Src/stm32f1xx_it.c.obj
 .debug_info    0x00002a5d      0x2c9 CMakeFiles/9.PWM_Output.elf.dir/Core/Src/system_stm32f1xx.c.obj
 .debug_info    0x00002d26      0x831 CMakeFiles/9.PWM_Output.elf.dir/Drivers/STM32F1xx_HAL_Driver/Src/stm32f1xx_hal.c.obj
 .debug_info    0x00003557      0xe46 CMakeFiles/9.PWM_Output.elf.dir/Drivers/STM32F1xx_HAL_Driver/Src/stm32f1xx_hal_cortex.c.obj
 .debug_info    0x0000439d      0x75b CMakeFiles/9.PWM_Output.elf.dir/Drivers/STM32F1xx_HAL_Driver/Src/stm32f1xx_hal_gpio.c.obj
 .debug_info    0x00004af8     0x3b7e CMakeFiles/9.PWM_Output.elf.dir/Drivers/STM32F1xx_HAL_Driver/Src/stm32f1xx_hal_i2c.c.obj
 .debug_info    0x00008676      0xab0 CMakeFiles/9.PWM_Output.elf.dir/Drivers/STM32F1xx_HAL_Driver/Src/stm32f1xx_hal_rcc.c.obj
 .debug_info    0x00009126     0x3e32 CMakeFiles/9.PWM_Output.elf.dir/Drivers/STM32F1xx_HAL_Driver/Src/stm32f1xx_hal_tim.c.obj
 .debug_info    0x0000cf58       0x22 CMakeFiles/9.PWM_Output.elf.dir/startup/startup_stm32f103xb.s.obj

.debug_abbrev   0x00000000     0x19a0
 .debug_abbrev  0x00000000      0x228 CMakeFiles/9.PWM_Output.elf.dir/Bsp/gtim.c.obj
 .debug_abbrev  0x00000228      0x16e CMakeFiles/9.PWM_Output.elf.dir/Bsp/led.c.obj
 .debug_abbrev  0x00000396      0x291 CMakeFiles/9.PWM_Output.elf.dir/Core/Src/main.c.obj
 .debug_abbrev  0x00000627      0x1dd CMakeFiles/9.PWM_Output.elf.dir/Core/Src/stm32f1xx_hal_msp.c.obj
 .debug_abbrev  0x00000804       0xef CMakeFiles/9.PWM_Output.elf.dir/Core/Src/stm32f1xx_it.c.obj
 .debug_abbrev  0x000008f3      0x151 CMakeFiles/9.PWM_Output.elf.dir/Core/Src/system_stm32f1xx.c.obj
 .debug_abbrev  0x00000a44      0x219 CMakeFiles/9.PWM_Output.elf.dir/Drivers/STM32F1xx_HAL_Driver/Src/stm32f1xx_hal.c.obj
 .debug_abbrev  0x00000c5d      0x367 CMakeFiles/9.PWM_Output.elf.dir/Drivers/STM32F1xx_HAL_Driver/Src/stm32f1xx_hal_cortex.c.obj
 .debug_abbrev  0x00000fc4      0x213 CMakeFiles/9.PWM_Output.elf.dir/Drivers/STM32F1xx_HAL_Driver/Src/stm32f1xx_hal_gpio.c.obj
 .debug_abbrev  0x000011d7      0x2bf CMakeFiles/9.PWM_Output.elf.dir/Drivers/STM32F1xx_HAL_Driver/Src/stm32f1xx_hal_i2c.c.obj
 .debug_abbrev  0x00001496      0x28d CMakeFiles/9.PWM_Output.elf.dir/Drivers/STM32F1xx_HAL_Driver/Src/stm32f1xx_hal_rcc.c.obj
 .debug_abbrev  0x00001723      0x26b CMakeFiles/9.PWM_Output.elf.dir/Drivers/STM32F1xx_HAL_Driver/Src/stm32f1xx_hal_tim.c.obj
 .debug_abbrev  0x0000198e       0x12 CMakeFiles/9.PWM_Output.elf.dir/startup/startup_stm32f103xb.s.obj

.debug_loc      0x00000000     0xa694
 .debug_loc     0x00000000       0xb9 CMakeFiles/9.PWM_Output.elf.dir/Bsp/gtim.c.obj
 .debug_loc     0x000000b9       0x60 CMakeFiles/9.PWM_Output.elf.dir/Core/Src/main.c.obj
 .debug_loc     0x00000119       0x7c CMakeFiles/9.PWM_Output.elf.dir/Core/Src/stm32f1xx_hal_msp.c.obj
 .debug_loc     0x00000195       0xff CMakeFiles/9.PWM_Output.elf.dir/Core/Src/system_stm32f1xx.c.obj
 .debug_loc     0x00000294      0x141 CMakeFiles/9.PWM_Output.elf.dir/Drivers/STM32F1xx_HAL_Driver/Src/stm32f1xx_hal.c.obj
 .debug_loc     0x000003d5      0x71f CMakeFiles/9.PWM_Output.elf.dir/Drivers/STM32F1xx_HAL_Driver/Src/stm32f1xx_hal_cortex.c.obj
 .debug_loc     0x00000af4      0x468 CMakeFiles/9.PWM_Output.elf.dir/Drivers/STM32F1xx_HAL_Driver/Src/stm32f1xx_hal_gpio.c.obj
 .debug_loc     0x00000f5c     0x4129 CMakeFiles/9.PWM_Output.elf.dir/Drivers/STM32F1xx_HAL_Driver/Src/stm32f1xx_hal_i2c.c.obj
 .debug_loc     0x00005085      0x5e7 CMakeFiles/9.PWM_Output.elf.dir/Drivers/STM32F1xx_HAL_Driver/Src/stm32f1xx_hal_rcc.c.obj
 .debug_loc     0x0000566c     0x5028 CMakeFiles/9.PWM_Output.elf.dir/Drivers/STM32F1xx_HAL_Driver/Src/stm32f1xx_hal_tim.c.obj

.debug_aranges  0x00000000      0xa48
 .debug_aranges
                0x00000000       0x38 CMakeFiles/9.PWM_Output.elf.dir/Bsp/gtim.c.obj
 .debug_aranges
                0x00000038       0x20 CMakeFiles/9.PWM_Output.elf.dir/Bsp/led.c.obj
 .debug_aranges
                0x00000058       0x40 CMakeFiles/9.PWM_Output.elf.dir/Core/Src/main.c.obj
 .debug_aranges
                0x00000098       0x30 CMakeFiles/9.PWM_Output.elf.dir/Core/Src/stm32f1xx_hal_msp.c.obj
 .debug_aranges
                0x000000c8       0x60 CMakeFiles/9.PWM_Output.elf.dir/Core/Src/stm32f1xx_it.c.obj
 .debug_aranges
                0x00000128       0x28 CMakeFiles/9.PWM_Output.elf.dir/Core/Src/system_stm32f1xx.c.obj
 .debug_aranges
                0x00000150       0xe0 CMakeFiles/9.PWM_Output.elf.dir/Drivers/STM32F1xx_HAL_Driver/Src/stm32f1xx_hal.c.obj
 .debug_aranges
                0x00000230       0x90 CMakeFiles/9.PWM_Output.elf.dir/Drivers/STM32F1xx_HAL_Driver/Src/stm32f1xx_hal_cortex.c.obj
 .debug_aranges
                0x000002c0       0x58 CMakeFiles/9.PWM_Output.elf.dir/Drivers/STM32F1xx_HAL_Driver/Src/stm32f1xx_hal_gpio.c.obj
 .debug_aranges
                0x00000318      0x2a8 CMakeFiles/9.PWM_Output.elf.dir/Drivers/STM32F1xx_HAL_Driver/Src/stm32f1xx_hal_i2c.c.obj
 .debug_aranges
                0x000005c0       0x90 CMakeFiles/9.PWM_Output.elf.dir/Drivers/STM32F1xx_HAL_Driver/Src/stm32f1xx_hal_rcc.c.obj
 .debug_aranges
                0x00000650      0x3d0 CMakeFiles/9.PWM_Output.elf.dir/Drivers/STM32F1xx_HAL_Driver/Src/stm32f1xx_hal_tim.c.obj
 .debug_aranges
                0x00000a20       0x28 CMakeFiles/9.PWM_Output.elf.dir/startup/startup_stm32f103xb.s.obj

.debug_ranges   0x00000000      0xa18
 .debug_ranges  0x00000000       0x28 CMakeFiles/9.PWM_Output.elf.dir/Bsp/gtim.c.obj
 .debug_ranges  0x00000028       0x10 CMakeFiles/9.PWM_Output.elf.dir/Bsp/led.c.obj
 .debug_ranges  0x00000038       0x30 CMakeFiles/9.PWM_Output.elf.dir/Core/Src/main.c.obj
 .debug_ranges  0x00000068       0x20 CMakeFiles/9.PWM_Output.elf.dir/Core/Src/stm32f1xx_hal_msp.c.obj
 .debug_ranges  0x00000088       0x50 CMakeFiles/9.PWM_Output.elf.dir/Core/Src/stm32f1xx_it.c.obj
 .debug_ranges  0x000000d8       0x18 CMakeFiles/9.PWM_Output.elf.dir/Core/Src/system_stm32f1xx.c.obj
 .debug_ranges  0x000000f0       0xd0 CMakeFiles/9.PWM_Output.elf.dir/Drivers/STM32F1xx_HAL_Driver/Src/stm32f1xx_hal.c.obj
 .debug_ranges  0x000001c0       0xe0 CMakeFiles/9.PWM_Output.elf.dir/Drivers/STM32F1xx_HAL_Driver/Src/stm32f1xx_hal_cortex.c.obj
 .debug_ranges  0x000002a0       0x48 CMakeFiles/9.PWM_Output.elf.dir/Drivers/STM32F1xx_HAL_Driver/Src/stm32f1xx_hal_gpio.c.obj
 .debug_ranges  0x000002e8      0x2b0 CMakeFiles/9.PWM_Output.elf.dir/Drivers/STM32F1xx_HAL_Driver/Src/stm32f1xx_hal_i2c.c.obj
 .debug_ranges  0x00000598       0xa0 CMakeFiles/9.PWM_Output.elf.dir/Drivers/STM32F1xx_HAL_Driver/Src/stm32f1xx_hal_rcc.c.obj
 .debug_ranges  0x00000638      0x3c0 CMakeFiles/9.PWM_Output.elf.dir/Drivers/STM32F1xx_HAL_Driver/Src/stm32f1xx_hal_tim.c.obj
 .debug_ranges  0x000009f8       0x20 CMakeFiles/9.PWM_Output.elf.dir/startup/startup_stm32f103xb.s.obj

.debug_line     0x00000000     0xd254
 .debug_line    0x00000000      0x38c CMakeFiles/9.PWM_Output.elf.dir/Bsp/gtim.c.obj
 .debug_line    0x0000038c      0x22f CMakeFiles/9.PWM_Output.elf.dir/Bsp/led.c.obj
 .debug_line    0x000005bb      0x482 CMakeFiles/9.PWM_Output.elf.dir/Core/Src/main.c.obj
 .debug_line    0x00000a3d      0x2fa CMakeFiles/9.PWM_Output.elf.dir/Core/Src/stm32f1xx_hal_msp.c.obj
 .debug_line    0x00000d37      0x2e0 CMakeFiles/9.PWM_Output.elf.dir/Core/Src/stm32f1xx_it.c.obj
 .debug_line    0x00001017      0x2c8 CMakeFiles/9.PWM_Output.elf.dir/Core/Src/system_stm32f1xx.c.obj
 .debug_line    0x000012df      0x558 CMakeFiles/9.PWM_Output.elf.dir/Drivers/STM32F1xx_HAL_Driver/Src/stm32f1xx_hal.c.obj
 .debug_line    0x00001837      0x6ae CMakeFiles/9.PWM_Output.elf.dir/Drivers/STM32F1xx_HAL_Driver/Src/stm32f1xx_hal_cortex.c.obj
 .debug_line    0x00001ee5      0x65d CMakeFiles/9.PWM_Output.elf.dir/Drivers/STM32F1xx_HAL_Driver/Src/stm32f1xx_hal_gpio.c.obj
 .debug_line    0x00002542     0x561a CMakeFiles/9.PWM_Output.elf.dir/Drivers/STM32F1xx_HAL_Driver/Src/stm32f1xx_hal_i2c.c.obj
 .debug_line    0x00007b5c      0xc67 CMakeFiles/9.PWM_Output.elf.dir/Drivers/STM32F1xx_HAL_Driver/Src/stm32f1xx_hal_rcc.c.obj
 .debug_line    0x000087c3     0x49f7 CMakeFiles/9.PWM_Output.elf.dir/Drivers/STM32F1xx_HAL_Driver/Src/stm32f1xx_hal_tim.c.obj
 .debug_line    0x0000d1ba       0x9a CMakeFiles/9.PWM_Output.elf.dir/startup/startup_stm32f103xb.s.obj

.debug_str      0x00000000     0x33d8
 .debug_str     0x00000000      0xbba CMakeFiles/9.PWM_Output.elf.dir/Bsp/gtim.c.obj
                                0xc7e (size before relaxing)
 .debug_str     0x00000bba       0x3e CMakeFiles/9.PWM_Output.elf.dir/Bsp/led.c.obj
                                0x376 (size before relaxing)
 .debug_str     0x00000bf8      0x48d CMakeFiles/9.PWM_Output.elf.dir/Core/Src/main.c.obj
                                0xc7c (size before relaxing)
 .debug_str     0x00001085       0xbc CMakeFiles/9.PWM_Output.elf.dir/Core/Src/stm32f1xx_hal_msp.c.obj
                                0x845 (size before relaxing)
 .debug_str     0x00001141       0xd2 CMakeFiles/9.PWM_Output.elf.dir/Core/Src/stm32f1xx_it.c.obj
                                0x36a (size before relaxing)
 .debug_str     0x00001213       0x6d CMakeFiles/9.PWM_Output.elf.dir/Core/Src/system_stm32f1xx.c.obj
                                0x34a (size before relaxing)
 .debug_str     0x00001280      0x29e CMakeFiles/9.PWM_Output.elf.dir/Drivers/STM32F1xx_HAL_Driver/Src/stm32f1xx_hal.c.obj
                                0x8c7 (size before relaxing)
 .debug_str     0x0000151e      0x3c3 CMakeFiles/9.PWM_Output.elf.dir/Drivers/STM32F1xx_HAL_Driver/Src/stm32f1xx_hal_cortex.c.obj
                                0x9e3 (size before relaxing)
 .debug_str     0x000018e1      0x150 CMakeFiles/9.PWM_Output.elf.dir/Drivers/STM32F1xx_HAL_Driver/Src/stm32f1xx_hal_gpio.c.obj
                                0x534 (size before relaxing)
 .debug_str     0x00001a31      0x918 CMakeFiles/9.PWM_Output.elf.dir/Drivers/STM32F1xx_HAL_Driver/Src/stm32f1xx_hal_i2c.c.obj
                               0x10d7 (size before relaxing)
 .debug_str     0x00002349      0x1ef CMakeFiles/9.PWM_Output.elf.dir/Drivers/STM32F1xx_HAL_Driver/Src/stm32f1xx_hal_rcc.c.obj
                                0x716 (size before relaxing)
 .debug_str     0x00002538      0xe56 CMakeFiles/9.PWM_Output.elf.dir/Drivers/STM32F1xx_HAL_Driver/Src/stm32f1xx_hal_tim.c.obj
                               0x1773 (size before relaxing)
 .debug_str     0x0000338e       0x4a CMakeFiles/9.PWM_Output.elf.dir/startup/startup_stm32f103xb.s.obj
                                 0x7a (size before relaxing)

.comment        0x00000000       0x79
 .comment       0x00000000       0x79 CMakeFiles/9.PWM_Output.elf.dir/Bsp/gtim.c.obj
                                 0x7a (size before relaxing)
 .comment       0x00000079       0x7a CMakeFiles/9.PWM_Output.elf.dir/Bsp/led.c.obj
 .comment       0x00000079       0x7a CMakeFiles/9.PWM_Output.elf.dir/Core/Src/main.c.obj
 .comment       0x00000079       0x7a CMakeFiles/9.PWM_Output.elf.dir/Core/Src/stm32f1xx_hal_msp.c.obj
 .comment       0x00000079       0x7a CMakeFiles/9.PWM_Output.elf.dir/Core/Src/stm32f1xx_it.c.obj
 .comment       0x00000079       0x7a CMakeFiles/9.PWM_Output.elf.dir/Core/Src/system_stm32f1xx.c.obj
 .comment       0x00000079       0x7a CMakeFiles/9.PWM_Output.elf.dir/Drivers/STM32F1xx_HAL_Driver/Src/stm32f1xx_hal.c.obj
 .comment       0x00000079       0x7a CMakeFiles/9.PWM_Output.elf.dir/Drivers/STM32F1xx_HAL_Driver/Src/stm32f1xx_hal_cortex.c.obj
 .comment       0x00000079       0x7a CMakeFiles/9.PWM_Output.elf.dir/Drivers/STM32F1xx_HAL_Driver/Src/stm32f1xx_hal_gpio.c.obj
 .comment       0x00000079       0x7a CMakeFiles/9.PWM_Output.elf.dir/Drivers/STM32F1xx_HAL_Driver/Src/stm32f1xx_hal_i2c.c.obj
 .comment       0x00000079       0x7a CMakeFiles/9.PWM_Output.elf.dir/Drivers/STM32F1xx_HAL_Driver/Src/stm32f1xx_hal_rcc.c.obj
 .comment       0x00000079       0x7a CMakeFiles/9.PWM_Output.elf.dir/Drivers/STM32F1xx_HAL_Driver/Src/stm32f1xx_hal_tim.c.obj

.debug_frame    0x00000000     0x1e94
 .debug_frame   0x00000000       0x88 CMakeFiles/9.PWM_Output.elf.dir/Bsp/gtim.c.obj
 .debug_frame   0x00000088       0x2c CMakeFiles/9.PWM_Output.elf.dir/Bsp/led.c.obj
 .debug_frame   0x000000b4       0x8c CMakeFiles/9.PWM_Output.elf.dir/Core/Src/main.c.obj
 .debug_frame   0x00000140       0x60 CMakeFiles/9.PWM_Output.elf.dir/Core/Src/stm32f1xx_hal_msp.c.obj
 .debug_frame   0x000001a0       0xa8 CMakeFiles/9.PWM_Output.elf.dir/Core/Src/stm32f1xx_it.c.obj
 .debug_frame   0x00000248       0x30 CMakeFiles/9.PWM_Output.elf.dir/Core/Src/system_stm32f1xx.c.obj
 .debug_frame   0x00000278      0x1cc CMakeFiles/9.PWM_Output.elf.dir/Drivers/STM32F1xx_HAL_Driver/Src/stm32f1xx_hal.c.obj
 .debug_frame   0x00000444      0x12c CMakeFiles/9.PWM_Output.elf.dir/Drivers/STM32F1xx_HAL_Driver/Src/stm32f1xx_hal_cortex.c.obj
 .debug_frame   0x00000570       0xe8 CMakeFiles/9.PWM_Output.elf.dir/Drivers/STM32F1xx_HAL_Driver/Src/stm32f1xx_hal_gpio.c.obj
 .debug_frame   0x00000658      0x988 CMakeFiles/9.PWM_Output.elf.dir/Drivers/STM32F1xx_HAL_Driver/Src/stm32f1xx_hal_i2c.c.obj
 .debug_frame   0x00000fe0      0x184 CMakeFiles/9.PWM_Output.elf.dir/Drivers/STM32F1xx_HAL_Driver/Src/stm32f1xx_hal_rcc.c.obj
 .debug_frame   0x00001164      0xb38 CMakeFiles/9.PWM_Output.elf.dir/Drivers/STM32F1xx_HAL_Driver/Src/stm32f1xx_hal_tim.c.obj
 .debug_frame   0x00001c9c       0x2c d:/gun-tools-arm-embedded/bin/../lib/gcc/arm-none-eabi/9.2.1/../../../../arm-none-eabi/lib/thumb/v7-m/nofp\libg.a(lib_a-init.o)
 .debug_frame   0x00001cc8       0x38 d:/gun-tools-arm-embedded/bin/../lib/gcc/arm-none-eabi/9.2.1/../../../../arm-none-eabi/lib/thumb/v7-m/nofp\libg.a(lib_a-memset.o)
 .debug_frame   0x00001d00       0x5c d:/gun-tools-arm-embedded/bin/../lib/gcc/arm-none-eabi/9.2.1/../../../../arm-none-eabi/lib/thumb/v7-m/nofp\libg.a(lib_a-__call_atexit.o)
 .debug_frame   0x00001d5c       0x20 d:/gun-tools-arm-embedded/bin/../lib/gcc/arm-none-eabi/9.2.1/../../../../arm-none-eabi/lib/thumb/v7-m/nofp\libg.a(lib_a-atexit.o)
 .debug_frame   0x00001d7c       0x34 d:/gun-tools-arm-embedded/bin/../lib/gcc/arm-none-eabi/9.2.1/../../../../arm-none-eabi/lib/thumb/v7-m/nofp\libg.a(lib_a-fini.o)
 .debug_frame   0x00001db0       0xb0 d:/gun-tools-arm-embedded/bin/../lib/gcc/arm-none-eabi/9.2.1/../../../../arm-none-eabi/lib/thumb/v7-m/nofp\libg.a(lib_a-lock.o)
 .debug_frame   0x00001e60       0x34 d:/gun-tools-arm-embedded/bin/../lib/gcc/arm-none-eabi/9.2.1/../../../../arm-none-eabi/lib/thumb/v7-m/nofp\libg.a(lib_a-__atexit.o)
