Archive member included to satisfy reference by file (symbol)

d:/gun-tools-arm-embedded/bin/../lib/gcc/arm-none-eabi/9.2.1/thumb/v7-m/nofp\libgcc.a(_arm_mulsf3.o)
                              CMakeFiles/7.BasicTim.elf.dir/Bsp/oled.c.obj (__aeabi_fmul)
d:/gun-tools-arm-embedded/bin/../lib/gcc/arm-none-eabi/9.2.1/thumb/v7-m/nofp\libgcc.a(_arm_cmpsf2.o)
                              CMakeFiles/7.BasicTim.elf.dir/Bsp/oled.c.obj (__aeabi_fcmplt)
d:/gun-tools-arm-embedded/bin/../lib/gcc/arm-none-eabi/9.2.1/thumb/v7-m/nofp\libgcc.a(_arm_fixunssfsi.o)
                              CMakeFiles/7.BasicTim.elf.dir/Bsp/oled.c.obj (__aeabi_f2uiz)
d:/gun-tools-arm-embedded/bin/../lib/gcc/arm-none-eabi/9.2.1/../../../../arm-none-eabi/lib/thumb/v7-m/nofp\libg.a(lib_a-errno.o)
                              CMakeFiles/7.BasicTim.elf.dir/Core/Src/syscalls.c.obj (__errno)
d:/gun-tools-arm-embedded/bin/../lib/gcc/arm-none-eabi/9.2.1/../../../../arm-none-eabi/lib/thumb/v7-m/nofp\libg.a(lib_a-exit.o)
                              d:/gun-tools-arm-embedded/bin/../lib/gcc/arm-none-eabi/9.2.1/../../../../arm-none-eabi/lib/thumb/v7-m/nofp/crt0.o (exit)
d:/gun-tools-arm-embedded/bin/../lib/gcc/arm-none-eabi/9.2.1/../../../../arm-none-eabi/lib/thumb/v7-m/nofp\libg.a(lib_a-impure.o)
                              d:/gun-tools-arm-embedded/bin/../lib/gcc/arm-none-eabi/9.2.1/../../../../arm-none-eabi/lib/thumb/v7-m/nofp\libg.a(lib_a-exit.o) (_global_impure_ptr)
d:/gun-tools-arm-embedded/bin/../lib/gcc/arm-none-eabi/9.2.1/../../../../arm-none-eabi/lib/thumb/v7-m/nofp\libg.a(lib_a-init.o)
                              d:/gun-tools-arm-embedded/bin/../lib/gcc/arm-none-eabi/9.2.1/../../../../arm-none-eabi/lib/thumb/v7-m/nofp/crt0.o (__libc_init_array)
d:/gun-tools-arm-embedded/bin/../lib/gcc/arm-none-eabi/9.2.1/../../../../arm-none-eabi/lib/thumb/v7-m/nofp\libg.a(lib_a-memset.o)
                              d:/gun-tools-arm-embedded/bin/../lib/gcc/arm-none-eabi/9.2.1/../../../../arm-none-eabi/lib/thumb/v7-m/nofp/crt0.o (memset)
d:/gun-tools-arm-embedded/bin/../lib/gcc/arm-none-eabi/9.2.1/../../../../arm-none-eabi/lib/thumb/v7-m/nofp\libg.a(lib_a-__call_atexit.o)
                              d:/gun-tools-arm-embedded/bin/../lib/gcc/arm-none-eabi/9.2.1/../../../../arm-none-eabi/lib/thumb/v7-m/nofp\libg.a(lib_a-exit.o) (__call_exitprocs)
d:/gun-tools-arm-embedded/bin/../lib/gcc/arm-none-eabi/9.2.1/../../../../arm-none-eabi/lib/thumb/v7-m/nofp\libg.a(lib_a-atexit.o)
                              d:/gun-tools-arm-embedded/bin/../lib/gcc/arm-none-eabi/9.2.1/../../../../arm-none-eabi/lib/thumb/v7-m/nofp\libg.a(lib_a-__call_atexit.o) (atexit)
d:/gun-tools-arm-embedded/bin/../lib/gcc/arm-none-eabi/9.2.1/../../../../arm-none-eabi/lib/thumb/v7-m/nofp\libg.a(lib_a-fini.o)
                              d:/gun-tools-arm-embedded/bin/../lib/gcc/arm-none-eabi/9.2.1/../../../../arm-none-eabi/lib/thumb/v7-m/nofp\libg.a(lib_a-__call_atexit.o) (__libc_fini_array)
d:/gun-tools-arm-embedded/bin/../lib/gcc/arm-none-eabi/9.2.1/../../../../arm-none-eabi/lib/thumb/v7-m/nofp\libg.a(lib_a-lock.o)
                              d:/gun-tools-arm-embedded/bin/../lib/gcc/arm-none-eabi/9.2.1/../../../../arm-none-eabi/lib/thumb/v7-m/nofp\libg.a(lib_a-__call_atexit.o) (__retarget_lock_acquire_recursive)
d:/gun-tools-arm-embedded/bin/../lib/gcc/arm-none-eabi/9.2.1/../../../../arm-none-eabi/lib/thumb/v7-m/nofp\libg.a(lib_a-__atexit.o)
                              d:/gun-tools-arm-embedded/bin/../lib/gcc/arm-none-eabi/9.2.1/../../../../arm-none-eabi/lib/thumb/v7-m/nofp\libg.a(lib_a-atexit.o) (__register_exitproc)

Allocating common symbols
Common symbol       size              file

__lock___atexit_recursive_mutex
                    0x1               d:/gun-tools-arm-embedded/bin/../lib/gcc/arm-none-eabi/9.2.1/../../../../arm-none-eabi/lib/thumb/v7-m/nofp\libg.a(lib_a-lock.o)
__lock___arc4random_mutex
                    0x1               d:/gun-tools-arm-embedded/bin/../lib/gcc/arm-none-eabi/9.2.1/../../../../arm-none-eabi/lib/thumb/v7-m/nofp\libg.a(lib_a-lock.o)
__lock___env_recursive_mutex
                    0x1               d:/gun-tools-arm-embedded/bin/../lib/gcc/arm-none-eabi/9.2.1/../../../../arm-none-eabi/lib/thumb/v7-m/nofp\libg.a(lib_a-lock.o)
__lock___sinit_recursive_mutex
                    0x1               d:/gun-tools-arm-embedded/bin/../lib/gcc/arm-none-eabi/9.2.1/../../../../arm-none-eabi/lib/thumb/v7-m/nofp\libg.a(lib_a-lock.o)
__lock___malloc_recursive_mutex
                    0x1               d:/gun-tools-arm-embedded/bin/../lib/gcc/arm-none-eabi/9.2.1/../../../../arm-none-eabi/lib/thumb/v7-m/nofp\libg.a(lib_a-lock.o)
__lock___at_quick_exit_mutex
                    0x1               d:/gun-tools-arm-embedded/bin/../lib/gcc/arm-none-eabi/9.2.1/../../../../arm-none-eabi/lib/thumb/v7-m/nofp\libg.a(lib_a-lock.o)
__lock___dd_hash_mutex
[...]
Memory Configuration

Name             Origin             Length             Attributes
RAM              0x20000000         0x00005000         xrw
FLASH            0x08000000         0x00010000         xr
*default*        0x00000000         0xffffffff

Linker script and memory map

LOAD d:/gun-tools-arm-embedded/bin/../lib/gcc/arm-none-eabi/9.2.1/thumb/v7-m/nofp/crti.o
LOAD d:/gun-tools-arm-embedded/bin/../lib/gcc/arm-none-eabi/9.2.1/thumb/v7-m/nofp/crtbegin.o
LOAD d:/gun-tools-arm-embedded/bin/../lib/gcc/arm-none-eabi/9.2.1/../../../../arm-none-eabi/lib/thumb/v7-m/nofp/crt0.o
LOAD CMakeFiles/7.BasicTim.elf.dir/Bsp/led.c.obj
LOAD CMakeFiles/7.BasicTim.elf.dir/Bsp/oled.c.obj
LOAD CMakeFiles/7.BasicTim.elf.dir/Bsp/tim.c.obj
LOAD CMakeFiles/7.BasicTim.elf.dir/Core/Src/main.c.obj
LOAD CMakeFiles/7.BasicTim.elf.dir/Core/Src/stm32f1xx_hal_msp.c.obj
LOAD CMakeFiles/7.BasicTim.elf.dir/Core/Src/stm32f1xx_it.c.obj
LOAD CMakeFiles/7.BasicTim.elf.dir/Core/Src/syscalls.c.obj
LOAD CMakeFiles/7.BasicTim.elf.dir/Core/Src/system_stm32f1xx.c.obj
LOAD CMakeFiles/7.BasicTim.elf.dir/Drivers/STM32F1xx_HAL_Driver/Src/stm32f1xx_hal.c.obj
LOAD CMakeFiles/7.BasicTim.elf.dir/Drivers/STM32F1xx_HAL_Driver/Src/stm32f1xx_hal_cortex.c.obj
LOAD CMakeFiles/7.BasicTim.elf.dir/Drivers/STM32F1xx_HAL_Driver/Src/stm32f1xx_hal_dma.c.obj
LOAD CMakeFiles/7.BasicTim.elf.dir/Drivers/STM32F1xx_HAL_Driver/Src/stm32f1xx_hal_exti.c.obj
LOAD CMakeFiles/7.BasicTim.elf.dir/Drivers/STM32F1xx_HAL_Driver/Src/stm32f1xx_hal_flash.c.obj
LOAD CMakeFiles/7.BasicTim.elf.dir/Drivers/STM32F1xx_HAL_Driver/Src/stm32f1xx_hal_flash_ex.c.obj
LOAD CMakeFiles/7.BasicTim.elf.dir/Drivers/STM32F1xx_HAL_Driver/Src/stm32f1xx_hal_gpio.c.obj
LOAD CMakeFiles/7.BasicTim.elf.dir/Drivers/STM32F1xx_HAL_Driver/Src/stm32f1xx_hal_gpio_ex.c.obj
LOAD CMakeFiles/7.BasicTim.elf.dir/Drivers/STM32F1xx_HAL_Driver/Src/stm32f1xx_hal_i2c.c.obj
LOAD CMakeFiles/7.BasicTim.elf.dir/Drivers/STM32F1xx_HAL_Driver/Src/stm32f1xx_hal_pwr.c.obj
LOAD CMakeFiles/7.BasicTim.elf.dir/Drivers/STM32F1xx_HAL_Driver/Src/stm32f1xx_hal_rcc.c.obj
LOAD CMakeFiles/7.BasicTim.elf.dir/Drivers/STM32F1xx_HAL_Driver/Src/stm32f1xx_hal_rcc_ex.c.obj
LOAD CMakeFiles/7.BasicTim.elf.dir/Drivers/STM32F1xx_HAL_Driver/Src/stm32f1xx_hal_tim.c.obj
LOAD CMakeFiles/7.BasicTim.elf.dir/Drivers/STM32F1xx_HAL_Driver/Src/stm32f1xx_hal_tim_ex.c.obj
LOAD CMakeFiles/7.BasicTim.elf.dir/System/sys.c.obj
LOAD CMakeFiles/7.BasicTim.elf.dir/startup/startup_stm32f103xb.s.obj
START GROUP
LOAD d:/gun-tools-arm-embedded/bin/../lib/gcc/arm-none-eabi/9.2.1/thumb/v7-m/nofp\libgcc.a
LOAD d:/gun-tools-arm-embedded/bin/../lib/gcc/arm-none-eabi/9.2.1/../../../../arm-none-eabi/lib/thumb/v7-m/nofp\libg.a
LOAD d:/gun-tools-arm-embedded/bin/../lib/gcc/arm-none-eabi/9.2.1/../../../../arm-none-eabi/lib/thumb/v7-m/nofp\libc.a
END GROUP
LOAD d:/gun-tools-arm-embedded/bin/../lib/gcc/arm-none-eabi/9.2.1/thumb/v7-m/nofp/crtend.o
LOAD d:/gun-tools-arm-embedded/bin/../lib/gcc/arm-none-eabi/9.2.1/thumb/v7-m/nofp/crtn.o
                0x20005000                _estack = (ORIGIN (RAM) + LENGTH (RAM))
                0x00000200                _Min_Heap_Size = 0x200
                0x00000400                _Min_Stack_Size = 0x400

.isr_vector     0x08000000      0x10c
                0x08000000                . = ALIGN (0x4)
 *(.isr_vector)
 .isr_vector    0x08000000      0x10c CMakeFiles/7.BasicTim.elf.dir/startup/startup_stm32f103xb.s.obj
                0x08000000                g_pfnVectors
                0x0800010c                . = ALIGN (0x4)

.text           0x0800010c     0x1a78
                0x0800010c                . = ALIGN (0x4)
 *(.text)
 .text          0x0800010c       0x40 d:/gun-tools-arm-embedded/bin/../lib/gcc/arm-none-eabi/9.2.1/thumb/v7-m/nofp/crtbegin.o
 *(.text*)
 .text.LED_Init
                0x0800014c       0x3c CMakeFiles/7.BasicTim.elf.dir/Bsp/led.c.obj
                0x0800014c                LED_Init
 .text.WriteCmd
                0x08000188       0x38 CMakeFiles/7.BasicTim.elf.dir/Bsp/oled.c.obj
                0x08000188                WriteCmd
 .text.OLED_WR_CMD
                0x080001c0       0x2c CMakeFiles/7.BasicTim.elf.dir/Bsp/oled.c.obj
                0x080001c0                OLED_WR_CMD
 .text.OLED_WR_DATA
                0x080001ec       0x2c CMakeFiles/7.BasicTim.elf.dir/Bsp/oled.c.obj
                0x080001ec                OLED_WR_DATA
 .text.OLED_Init
                0x08000218        0xe CMakeFiles/7.BasicTim.elf.dir/Bsp/oled.c.obj
                0x08000218                OLED_Init
 .text.OLED_Clear
                0x08000226       0x3a CMakeFiles/7.BasicTim.elf.dir/Bsp/oled.c.obj
                0x08000226                OLED_Clear
 .text.OLED_Set_Pos
                0x08000260       0x22 CMakeFiles/7.BasicTim.elf.dir/Bsp/oled.c.obj
                0x08000260                OLED_Set_Pos
 .text.oled_pow
                0x08000282       0x14 CMakeFiles/7.BasicTim.elf.dir/Bsp/oled.c.obj
                0x08000282                oled_pow
 *fill*         0x08000296        0x2 
 .text.OLED_ShowChar
                0x08000298       0x90 CMakeFiles/7.BasicTim.elf.dir/Bsp/oled.c.obj
                0x08000298                OLED_ShowChar
 .text.OLED_ShowNum
                0x08000328       0x94 CMakeFiles/7.BasicTim.elf.dir/Bsp/oled.c.obj
                0x08000328                OLED_ShowNum
 .text.TIM3_Init
                0x080003bc       0x28 CMakeFiles/7.BasicTim.elf.dir/Bsp/tim.c.obj
                0x080003bc                TIM3_Init
 .text.HAL_TIM_Base_MspInit
                0x080003e4       0x40 CMakeFiles/7.BasicTim.elf.dir/Bsp/tim.c.obj
                0x080003e4                HAL_TIM_Base_MspInit
 .text.TIM3_IRQHandler
                0x08000424       0x10 CMakeFiles/7.BasicTim.elf.dir/Bsp/tim.c.obj
                0x08000424                TIM3_IRQHandler
 .text.HAL_TIM_PeriodElapsedCallback
                0x08000434       0x28 CMakeFiles/7.BasicTim.elf.dir/Bsp/tim.c.obj
                0x08000434                HAL_TIM_PeriodElapsedCallback
 .text.ShowNum  0x0800045c        0xc CMakeFiles/7.BasicTim.elf.dir/Bsp/tim.c.obj
                0x0800045c                ShowNum
 .text.MX_GPIO_Init
                0x08000468       0x44 CMakeFiles/7.BasicTim.elf.dir/Core/Src/main.c.obj
 .text.Error_Handler
                0x080004ac        0x4 CMakeFiles/7.BasicTim.elf.dir/Core/Src/main.c.obj
                0x080004ac                Error_Handler
 .text.MX_I2C1_Init
                0x080004b0       0x38 CMakeFiles/7.BasicTim.elf.dir/Core/Src/main.c.obj
 .text.SystemClock_Config
                0x080004e8       0x52 CMakeFiles/7.BasicTim.elf.dir/Core/Src/main.c.obj
                0x080004e8                SystemClock_Config
 .text.main     0x0800053a       0x42 CMakeFiles/7.BasicTim.elf.dir/Core/Src/main.c.obj
                0x0800053a                main
 .text.HAL_MspInit
                0x0800057c       0x44 CMakeFiles/7.BasicTim.elf.dir/Core/Src/stm32f1xx_hal_msp.c.obj
                0x0800057c                HAL_MspInit
 .text.HAL_I2C_MspInit
                0x080005c0       0x64 CMakeFiles/7.BasicTim.elf.dir/Core/Src/stm32f1xx_hal_msp.c.obj
                0x080005c0                HAL_I2C_MspInit
 .text.NMI_Handler
                0x08000624        0x2 CMakeFiles/7.BasicTim.elf.dir/Core/Src/stm32f1xx_it.c.obj
                0x08000624                NMI_Handler
 .text.HardFault_Handler
                0x08000626        0x2 CMakeFiles/7.BasicTim.elf.dir/Core/Src/stm32f1xx_it.c.obj
                0x08000626                HardFault_Handler
 .text.MemManage_Handler
                0x08000628        0x2 CMakeFiles/7.BasicTim.elf.dir/Core/Src/stm32f1xx_it.c.obj
                0x08000628                MemManage_Handler
 .text.BusFault_Handler
                0x0800062a        0x2 CMakeFiles/7.BasicTim.elf.dir/Core/Src/stm32f1xx_it.c.obj
                0x0800062a                BusFault_Handler
 .text.UsageFault_Handler
                0x0800062c        0x2 CMakeFiles/7.BasicTim.elf.dir/Core/Src/stm32f1xx_it.c.obj
                0x0800062c                UsageFault_Handler
 .text.SVC_Handler
                0x0800062e        0x2 CMakeFiles/7.BasicTim.elf.dir/Core/Src/stm32f1xx_it.c.obj
                0x0800062e                SVC_Handler
 .text.DebugMon_Handler
                0x08000630        0x2 CMakeFiles/7.BasicTim.elf.dir/Core/Src/stm32f1xx_it.c.obj
                0x08000630                DebugMon_Handler
 .text.PendSV_Handler
                0x08000632        0x2 CMakeFiles/7.BasicTim.elf.dir/Core/Src/stm32f1xx_it.c.obj
                0x08000632                PendSV_Handler
 .text.SysTick_Handler
                0x08000634        0x8 CMakeFiles/7.BasicTim.elf.dir/Core/Src/stm32f1xx_it.c.obj
                0x08000634                SysTick_Handler
 .text.SystemInit
                0x0800063c        0x2 CMakeFiles/7.BasicTim.elf.dir/Core/Src/system_stm32f1xx.c.obj
                0x0800063c                SystemInit
 *fill*         0x0800063e        0x2 
 .text.HAL_InitTick
                0x08000640       0x4c CMakeFiles/7.BasicTim.elf.dir/Drivers/STM32F1xx_HAL_Driver/Src/stm32f1xx_hal.c.obj
                0x08000640                HAL_InitTick
 .text.HAL_Init
                0x0800068c       0x24 CMakeFiles/7.BasicTim.elf.dir/Drivers/STM32F1xx_HAL_Driver/Src/stm32f1xx_hal.c.obj
                0x0800068c                HAL_Init
 .text.HAL_IncTick
                0x080006b0       0x18 CMakeFiles/7.BasicTim.elf.dir/Drivers/STM32F1xx_HAL_Driver/Src/stm32f1xx_hal.c.obj
                0x080006b0                HAL_IncTick
 .text.HAL_GetTick
                0x080006c8        0xc CMakeFiles/7.BasicTim.elf.dir/Drivers/STM32F1xx_HAL_Driver/Src/stm32f1xx_hal.c.obj
                0x080006c8                HAL_GetTick
 .text.HAL_Delay
                0x080006d4       0x28 CMakeFiles/7.BasicTim.elf.dir/Drivers/STM32F1xx_HAL_Driver/Src/stm32f1xx_hal.c.obj
                0x080006d4                HAL_Delay
 .text.HAL_NVIC_SetPriorityGrouping
                0x080006fc       0x24 CMakeFiles/7.BasicTim.elf.dir/Drivers/STM32F1xx_HAL_Driver/Src/stm32f1xx_hal_cortex.c.obj
                0x080006fc                HAL_NVIC_SetPriorityGrouping
 .text.HAL_NVIC_SetPriority
                0x08000720       0x68 CMakeFiles/7.BasicTim.elf.dir/Drivers/STM32F1xx_HAL_Driver/Src/stm32f1xx_hal_cortex.c.obj
                0x08000720                HAL_NVIC_SetPriority
 .text.HAL_NVIC_EnableIRQ
                0x08000788       0x1c CMakeFiles/7.BasicTim.elf.dir/Drivers/STM32F1xx_HAL_Driver/Src/stm32f1xx_hal_cortex.c.obj
                0x08000788                HAL_NVIC_EnableIRQ
 .text.HAL_SYSTICK_Config
                0x080007a4       0x2c CMakeFiles/7.BasicTim.elf.dir/Drivers/STM32F1xx_HAL_Driver/Src/stm32f1xx_hal_cortex.c.obj
                0x080007a4                HAL_SYSTICK_Config
 .text.HAL_GPIO_Init
                0x080007d0      0x220 CMakeFiles/7.BasicTim.elf.dir/Drivers/STM32F1xx_HAL_Driver/Src/stm32f1xx_hal_gpio.c.obj
                0x080007d0                HAL_GPIO_Init
 .text.HAL_GPIO_TogglePin
                0x080009f0       0x12 CMakeFiles/7.BasicTim.elf.dir/Drivers/STM32F1xx_HAL_Driver/Src/stm32f1xx_hal_gpio.c.obj
                0x080009f0                HAL_GPIO_TogglePin
 .text.I2C_IsAcknowledgeFailed
                0x08000a02       0x32 CMakeFiles/7.BasicTim.elf.dir/Drivers/STM32F1xx_HAL_Driver/Src/stm32f1xx_hal_i2c.c.obj
 .text.I2C_WaitOnFlagUntilTimeout
                0x08000a34       0xb2 CMakeFiles/7.BasicTim.elf.dir/Drivers/STM32F1xx_HAL_Driver/Src/stm32f1xx_hal_i2c.c.obj
 .text.I2C_WaitOnMasterAddressFlagUntilTimeout
                0x08000ae6       0xd6 CMakeFiles/7.BasicTim.elf.dir/Drivers/STM32F1xx_HAL_Driver/Src/stm32f1xx_hal_i2c.c.obj
 .text.I2C_WaitOnTXEFlagUntilTimeout
                0x08000bbc       0x5e CMakeFiles/7.BasicTim.elf.dir/Drivers/STM32F1xx_HAL_Driver/Src/stm32f1xx_hal_i2c.c.obj
 *fill*         0x08000c1a        0x2 
 .text.I2C_RequestMemoryWrite
                0x08000c1c       0xd8 CMakeFiles/7.BasicTim.elf.dir/Drivers/STM32F1xx_HAL_Driver/Src/stm32f1xx_hal_i2c.c.obj
 .text.I2C_WaitOnBTFFlagUntilTimeout
                0x08000cf4       0x5e CMakeFiles/7.BasicTim.elf.dir/Drivers/STM32F1xx_HAL_Driver/Src/stm32f1xx_hal_i2c.c.obj
 *fill*         0x08000d52        0x2 
 .text.HAL_I2C_Init
                0x08000d54      0x1bc CMakeFiles/7.BasicTim.elf.dir/Drivers/STM32F1xx_HAL_Driver/Src/stm32f1xx_hal_i2c.c.obj
                0x08000d54                HAL_I2C_Init
 .text.HAL_I2C_Mem_Write
                0x08000f10      0x164 CMakeFiles/7.BasicTim.elf.dir/Drivers/STM32F1xx_HAL_Driver/Src/stm32f1xx_hal_i2c.c.obj
                0x08000f10                HAL_I2C_Mem_Write
 .text.RCC_Delay
                0x08001074       0x2c CMakeFiles/7.BasicTim.elf.dir/Drivers/STM32F1xx_HAL_Driver/Src/stm32f1xx_hal_rcc.c.obj
 .text.HAL_RCC_OscConfig
                0x080010a0      0x410 CMakeFiles/7.BasicTim.elf.dir/Drivers/STM32F1xx_HAL_Driver/Src/stm32f1xx_hal_rcc.c.obj
                0x080010a0                HAL_RCC_OscConfig
 .text.HAL_RCC_GetSysClockFreq
                0x080014b0       0x54 CMakeFiles/7.BasicTim.elf.dir/Drivers/STM32F1xx_HAL_Driver/Src/stm32f1xx_hal_rcc.c.obj
                0x080014b0                HAL_RCC_GetSysClockFreq
 .text.HAL_RCC_ClockConfig
                0x08001504      0x16c CMakeFiles/7.BasicTim.elf.dir/Drivers/STM32F1xx_HAL_Driver/Src/stm32f1xx_hal_rcc.c.obj
                0x08001504                HAL_RCC_ClockConfig
 .text.HAL_RCC_GetHCLKFreq
                0x08001670        0xc CMakeFiles/7.BasicTim.elf.dir/Drivers/STM32F1xx_HAL_Driver/Src/stm32f1xx_hal_rcc.c.obj
                0x08001670                HAL_RCC_GetHCLKFreq
 .text.HAL_RCC_GetPCLK1Freq
                0x0800167c       0x20 CMakeFiles/7.BasicTim.elf.dir/Drivers/STM32F1xx_HAL_Driver/Src/stm32f1xx_hal_rcc.c.obj
                0x0800167c                HAL_RCC_GetPCLK1Freq
 .text.HAL_TIM_Base_Start_IT
                0x0800169c       0x68 CMakeFiles/7.BasicTim.elf.dir/Drivers/STM32F1xx_HAL_Driver/Src/stm32f1xx_hal_tim.c.obj
                0x0800169c                HAL_TIM_Base_Start_IT
 .text.HAL_TIM_OC_DelayElapsedCallback
                0x08001704        0x2 CMakeFiles/7.BasicTim.elf.dir/Drivers/STM32F1xx_HAL_Driver/Src/stm32f1xx_hal_tim.c.obj
                0x08001704                HAL_TIM_OC_DelayElapsedCallback
 .text.HAL_TIM_IC_CaptureCallback
                0x08001706        0x2 CMakeFiles/7.BasicTim.elf.dir/Drivers/STM32F1xx_HAL_Driver/Src/stm32f1xx_hal_tim.c.obj
                0x08001706                HAL_TIM_IC_CaptureCallback
 .text.HAL_TIM_PWM_PulseFinishedCallback
                0x08001708        0x2 CMakeFiles/7.BasicTim.elf.dir/Drivers/STM32F1xx_HAL_Driver/Src/stm32f1xx_hal_tim.c.obj
                0x08001708                HAL_TIM_PWM_PulseFinishedCallback
 .text.HAL_TIM_TriggerCallback
                0x0800170a        0x2 CMakeFiles/7.BasicTim.elf.dir/Drivers/STM32F1xx_HAL_Driver/Src/stm32f1xx_hal_tim.c.obj
                0x0800170a                HAL_TIM_TriggerCallback
 .text.HAL_TIM_IRQHandler
                0x0800170c      0x17a CMakeFiles/7.BasicTim.elf.dir/Drivers/STM32F1xx_HAL_Driver/Src/stm32f1xx_hal_tim.c.obj
                0x0800170c                HAL_TIM_IRQHandler
 *fill*         0x08001886        0x2 
 .text.TIM_Base_SetConfig
                0x08001888       0x74 CMakeFiles/7.BasicTim.elf.dir/Drivers/STM32F1xx_HAL_Driver/Src/stm32f1xx_hal_tim.c.obj
                0x08001888                TIM_Base_SetConfig
 .text.HAL_TIM_Base_Init
                0x080018fc       0x58 CMakeFiles/7.BasicTim.elf.dir/Drivers/STM32F1xx_HAL_Driver/Src/stm32f1xx_hal_tim.c.obj
                0x080018fc                HAL_TIM_Base_Init
 .text.HAL_TIMEx_CommutCallback
                0x08001954        0x2 CMakeFiles/7.BasicTim.elf.dir/Drivers/STM32F1xx_HAL_Driver/Src/stm32f1xx_hal_tim_ex.c.obj
                0x08001954                HAL_TIMEx_CommutCallback
 .text.HAL_TIMEx_BreakCallback
                0x08001956        0x2 CMakeFiles/7.BasicTim.elf.dir/Drivers/STM32F1xx_HAL_Driver/Src/stm32f1xx_hal_tim_ex.c.obj
                0x08001956                HAL_TIMEx_BreakCallback
 .text.Reset_Handler
                0x08001958       0x48 CMakeFiles/7.BasicTim.elf.dir/startup/startup_stm32f103xb.s.obj
                0x08001958                Reset_Handler
 .text.Default_Handler
                0x080019a0        0x2 CMakeFiles/7.BasicTim.elf.dir/startup/startup_stm32f103xb.s.obj
                0x080019a0                RTC_Alarm_IRQHandler
                0x080019a0                EXTI2_IRQHandler
                0x080019a0                TIM1_CC_IRQHandler
                0x080019a0                PVD_IRQHandler
                0x080019a0                EXTI3_IRQHandler
                0x080019a0                EXTI0_IRQHandler
                0x080019a0                I2C2_EV_IRQHandler
                0x080019a0                ADC1_2_IRQHandler
                0x080019a0                SPI1_IRQHandler
                0x080019a0                TAMPER_IRQHandler
                0x080019a0                DMA1_Channel4_IRQHandler
                0x080019a0                USART3_IRQHandler
                0x080019a0                RTC_IRQHandler
                0x080019a0                DMA1_Channel7_IRQHandler
                0x080019a0                CAN1_RX1_IRQHandler
                0x080019a0                TIM4_IRQHandler
                0x080019a0                I2C1_EV_IRQHandler
                0x080019a0                DMA1_Channel6_IRQHandler
                0x080019a0                RCC_IRQHandler
                0x080019a0                TIM1_TRG_COM_IRQHandler
                0x080019a0                DMA1_Channel1_IRQHandler
                0x080019a0                Default_Handler
                0x080019a0                EXTI15_10_IRQHandler
                0x080019a0                EXTI9_5_IRQHandler
                0x080019a0                SPI2_IRQHandler
                0x080019a0                DMA1_Channel5_IRQHandler
                0x080019a0                EXTI4_IRQHandler
                0x080019a0                USB_LP_CAN1_RX0_IRQHandler
                0x080019a0                USB_HP_CAN1_TX_IRQHandler
                0x080019a0                DMA1_Channel3_IRQHandler
                0x080019a0                TIM1_UP_IRQHandler
                0x080019a0                WWDG_IRQHandler
                0x080019a0                TIM2_IRQHandler
                0x080019a0                TIM1_BRK_IRQHandler
                0x080019a0                EXTI1_IRQHandler
                0x080019a0                USART2_IRQHandler
                0x080019a0                I2C2_ER_IRQHandler
                0x080019a0                DMA1_Channel2_IRQHandler
                0x080019a0                CAN1_SCE_IRQHandler
                0x080019a0                FLASH_IRQHandler
                0x080019a0                USART1_IRQHandler
                0x080019a0                I2C1_ER_IRQHandler
                0x080019a0                USBWakeUp_IRQHandler
 *fill*         0x080019a2        0x2 
 .text.__libc_init_array
                0x080019a4       0x48 d:/gun-tools-arm-embedded/bin/../lib/gcc/arm-none-eabi/9.2.1/../../../../arm-none-eabi/lib/thumb/v7-m/nofp\libg.a(lib_a-init.o)
                0x080019a4                __libc_init_array
 .text.memset   0x080019ec       0xa0 d:/gun-tools-arm-embedded/bin/../lib/gcc/arm-none-eabi/9.2.1/../../../../arm-none-eabi/lib/thumb/v7-m/nofp\libg.a(lib_a-memset.o)
                0x080019ec                memset
 .text.startup.register_fini
                0x08001a8c       0x14 d:/gun-tools-arm-embedded/bin/../lib/gcc/arm-none-eabi/9.2.1/../../../../arm-none-eabi/lib/thumb/v7-m/nofp\libg.a(lib_a-__call_atexit.o)
 .text.atexit   0x08001aa0        0xc d:/gun-tools-arm-embedded/bin/../lib/gcc/arm-none-eabi/9.2.1/../../../../arm-none-eabi/lib/thumb/v7-m/nofp\libg.a(lib_a-atexit.o)
                0x08001aa0                atexit
 .text.__libc_fini_array
                0x08001aac       0x2c d:/gun-tools-arm-embedded/bin/../lib/gcc/arm-none-eabi/9.2.1/../../../../arm-none-eabi/lib/thumb/v7-m/nofp\libg.a(lib_a-fini.o)
                0x08001aac                __libc_fini_array
 .text.__retarget_lock_acquire_recursive
                0x08001ad8        0x4 d:/gun-tools-arm-embedded/bin/../lib/gcc/arm-none-eabi/9.2.1/../../../../arm-none-eabi/lib/thumb/v7-m/nofp\libg.a(lib_a-lock.o)
                0x08001ad8                __retarget_lock_acquire_recursive
 .text.__retarget_lock_release_recursive
                0x08001adc        0x4 d:/gun-tools-arm-embedded/bin/../lib/gcc/arm-none-eabi/9.2.1/../../../../arm-none-eabi/lib/thumb/v7-m/nofp\libg.a(lib_a-lock.o)
                0x08001adc                __retarget_lock_release_recursive
 .text.__register_exitproc
                0x08001ae0       0x8c d:/gun-tools-arm-embedded/bin/../lib/gcc/arm-none-eabi/9.2.1/../../../../arm-none-eabi/lib/thumb/v7-m/nofp\libg.a(lib_a-__atexit.o)
                0x08001ae0                __register_exitproc
 *(.glue_7)
 .glue_7        0x08001b6c        0x0 linker stubs
 *(.glue_7t)
 .glue_7t       0x08001b6c        0x0 linker stubs
 *(.eh_frame)
 .eh_frame      0x08001b6c        0x0 d:/gun-tools-arm-embedded/bin/../lib/gcc/arm-none-eabi/9.2.1/thumb/v7-m/nofp/crtbegin.o
 *(.init)
 .init          0x08001b6c        0x4 d:/gun-tools-arm-embedded/bin/../lib/gcc/arm-none-eabi/9.2.1/thumb/v7-m/nofp/crti.o
                0x08001b6c                _init
 .init          0x08001b70        0x8 d:/gun-tools-arm-embedded/bin/../lib/gcc/arm-none-eabi/9.2.1/thumb/v7-m/nofp/crtn.o
 *(.fini)
 .fini          0x08001b78        0x4 d:/gun-tools-arm-embedded/bin/../lib/gcc/arm-none-eabi/9.2.1/thumb/v7-m/nofp/crti.o
                0x08001b78                _fini
 .fini          0x08001b7c        0x8 d:/gun-tools-arm-embedded/bin/../lib/gcc/arm-none-eabi/9.2.1/thumb/v7-m/nofp/crtn.o
                0x08001b84                . = ALIGN (0x4)
                0x08001b84                _etext = .

.vfp11_veneer   0x08001b84        0x0
 .vfp11_veneer  0x08001b84        0x0 linker stubs

.v4_bx          0x08001b84        0x0
 .v4_bx         0x08001b84        0x0 linker stubs

.iplt           0x08001b84        0x0
 .iplt          0x08001b84        0x0 d:/gun-tools-arm-embedded/bin/../lib/gcc/arm-none-eabi/9.2.1/thumb/v7-m/nofp/crtbegin.o

.rodata         0x08001b84      0x838
                0x08001b84                . = ALIGN (0x4)
 *(.rodata)
 *(.rodata*)
 .rodata.F6x8   0x08001b84      0x228 CMakeFiles/7.BasicTim.elf.dir/Bsp/oled.c.obj
                0x08001b84                F6x8
 .rodata.F8X16  0x08001dac      0x5e0 CMakeFiles/7.BasicTim.elf.dir/Bsp/oled.c.obj
                0x08001dac                F8X16
 .rodata.AHBPrescTable
                0x0800238c       0x10 CMakeFiles/7.BasicTim.elf.dir/Core/Src/system_stm32f1xx.c.obj
                0x0800238c                AHBPrescTable
 .rodata.APBPrescTable
                0x0800239c        0x8 CMakeFiles/7.BasicTim.elf.dir/Core/Src/system_stm32f1xx.c.obj
                0x0800239c                APBPrescTable
 .rodata.aPLLMULFactorTable.6283
                0x080023a4       0x10 CMakeFiles/7.BasicTim.elf.dir/Drivers/STM32F1xx_HAL_Driver/Src/stm32f1xx_hal_rcc.c.obj
 .rodata.aPredivFactorTable.6284
                0x080023b4        0x2 CMakeFiles/7.BasicTim.elf.dir/Drivers/STM32F1xx_HAL_Driver/Src/stm32f1xx_hal_rcc.c.obj
 *fill*         0x080023b6        0x2 
 .rodata._global_impure_ptr
                0x080023b8        0x4 d:/gun-tools-arm-embedded/bin/../lib/gcc/arm-none-eabi/9.2.1/../../../../arm-none-eabi/lib/thumb/v7-m/nofp\libg.a(lib_a-impure.o)
                0x080023b8                _global_impure_ptr
                0x080023bc                . = ALIGN (0x4)

.rel.dyn        0x080023bc        0x0
 .rel.iplt      0x080023bc        0x0 d:/gun-tools-arm-embedded/bin/../lib/gcc/arm-none-eabi/9.2.1/thumb/v7-m/nofp/crtbegin.o

.ARM.extab
 *(.ARM.extab* .gnu.linkonce.armextab.*)

.ARM            0x080023bc        0x0
                0x080023bc                __exidx_start = .
 *(.ARM.exidx*)
                0x080023bc                __exidx_end = .

.preinit_array  0x080023bc        0x0
                0x080023bc                PROVIDE (__preinit_array_start = .)
 *(.preinit_array*)
                0x080023bc                PROVIDE (__preinit_array_end = .)

.init_array     0x080023bc        0x8
                0x080023bc                PROVIDE (__init_array_start = .)
 *(SORT_BY_NAME(.init_array.*))
 .init_array.00000
                0x080023bc        0x4 d:/gun-tools-arm-embedded/bin/../lib/gcc/arm-none-eabi/9.2.1/../../../../arm-none-eabi/lib/thumb/v7-m/nofp\libg.a(lib_a-__call_atexit.o)
 *(.init_array*)
 .init_array    0x080023c0        0x4 d:/gun-tools-arm-embedded/bin/../lib/gcc/arm-none-eabi/9.2.1/thumb/v7-m/nofp/crtbegin.o
                0x080023c4                PROVIDE (__init_array_end = .)

.fini_array     0x080023c4        0x4
                0x080023c4                PROVIDE (__fini_array_start = .)
 *(SORT_BY_NAME(.fini_array.*))
 *(.fini_array*)
 .fini_array    0x080023c4        0x4 d:/gun-tools-arm-embedded/bin/../lib/gcc/arm-none-eabi/9.2.1/thumb/v7-m/nofp/crtbegin.o
                0x080023c8                PROVIDE (__fini_array_end = .)
                0x080023c8                _sidata = LOADADDR (.data)

.data           0x20000000      0x454 load address 0x080023c8
                0x20000000                . = ALIGN (0x4)
                0x20000000                _sdata = .
 *(.data)
 *(.data*)
 .data.CMD_Data
                0x20000000       0x1b CMakeFiles/7.BasicTim.elf.dir/Bsp/oled.c.obj
                0x20000000                CMD_Data
 *fill*         0x2000001b        0x1 
 .data.SystemCoreClock
                0x2000001c        0x4 CMakeFiles/7.BasicTim.elf.dir/Core/Src/system_stm32f1xx.c.obj
                0x2000001c                SystemCoreClock
 .data.uwTickFreq
                0x20000020        0x1 CMakeFiles/7.BasicTim.elf.dir/Drivers/STM32F1xx_HAL_Driver/Src/stm32f1xx_hal.c.obj
                0x20000020                uwTickFreq
 *fill*         0x20000021        0x3 
 .data.uwTickPrio
                0x20000024        0x4 CMakeFiles/7.BasicTim.elf.dir/Drivers/STM32F1xx_HAL_Driver/Src/stm32f1xx_hal.c.obj
                0x20000024                uwTickPrio
 .data.impure_data
                0x20000028      0x428 d:/gun-tools-arm-embedded/bin/../lib/gcc/arm-none-eabi/9.2.1/../../../../arm-none-eabi/lib/thumb/v7-m/nofp\libg.a(lib_a-impure.o)
 .data.__atexit_recursive_mutex
                0x20000450        0x4 d:/gun-tools-arm-embedded/bin/../lib/gcc/arm-none-eabi/9.2.1/../../../../arm-none-eabi/lib/thumb/v7-m/nofp\libg.a(lib_a-__call_atexit.o)
                0x20000450                __atexit_recursive_mutex
                0x20000454                . = ALIGN (0x4)
                0x20000454                _edata = .

.igot.plt       0x20000454        0x0 load address 0x0800281c
 .igot.plt      0x20000454        0x0 d:/gun-tools-arm-embedded/bin/../lib/gcc/arm-none-eabi/9.2.1/thumb/v7-m/nofp/crtbegin.o
                0x20000454                . = ALIGN (0x4)

.bss            0x20000454       0xe4 load address 0x0800281c
                0x20000454                _sbss = .
                0x20000454                __bss_start__ = _sbss
 *(.bss)
 .bss           0x20000454       0x1c d:/gun-tools-arm-embedded/bin/../lib/gcc/arm-none-eabi/9.2.1/thumb/v7-m/nofp/crtbegin.o
 *(.bss*)
 .bss.TIM3_Handler
                0x20000470       0x48 CMakeFiles/7.BasicTim.elf.dir/Bsp/tim.c.obj
                0x20000470                TIM3_Handler
 .bss.counterNum
                0x200004b8        0x2 CMakeFiles/7.BasicTim.elf.dir/Bsp/tim.c.obj
                0x200004b8                counterNum
 *fill*         0x200004ba        0x2 
 .bss.hi2c1     0x200004bc       0x54 CMakeFiles/7.BasicTim.elf.dir/Core/Src/main.c.obj
                0x200004bc                hi2c1
 .bss.uwTick    0x20000510        0x4 CMakeFiles/7.BasicTim.elf.dir/Drivers/STM32F1xx_HAL_Driver/Src/stm32f1xx_hal.c.obj
                0x20000510                uwTick
 *(COMMON)
 COMMON         0x20000514       0x21 d:/gun-tools-arm-embedded/bin/../lib/gcc/arm-none-eabi/9.2.1/../../../../arm-none-eabi/lib/thumb/v7-m/nofp\libg.a(lib_a-lock.o)
                0x20000514                __lock___atexit_recursive_mutex
                0x20000518                __lock___arc4random_mutex
                0x2000051c                __lock___env_recursive_mutex
                0x20000520                __lock___sinit_recursive_mutex
                0x20000524                __lock___malloc_recursive_mutex
                0x20000528                __lock___at_quick_exit_mutex
                0x2000052c                __lock___dd_hash_mutex
                0x20000530                __lock___tz_mutex
                0x20000534                __lock___sfp_recursive_mutex
                0x20000538                . = ALIGN (0x4)
 *fill*         0x20000535        0x3 
                0x20000538                _ebss = .
                0x20000538                __bss_end__ = _ebss

._user_heap_stack
                0x20000538      0x600 load address 0x0800281c
                0x20000538                . = ALIGN (0x8)
                0x20000538                PROVIDE (end = .)
                [!provide]                PROVIDE (_end = .)
                0x20000738                . = (. + _Min_Heap_Size)
 *fill*         0x20000538      0x200 
                0x20000b38                . = (. + _Min_Stack_Size)
 *fill*         0x20000738      0x400 
                0x20000b38                . = ALIGN (0x8)

/DISCARD/
 libc.a(*)
 libm.a(*)
 libgcc.a(*)

.ARM.attributes
                0x00000000       0x29
 *(.ARM.attributes)
 .ARM.attributes
                0x00000000       0x1d d:/gun-tools-arm-embedded/bin/../lib/gcc/arm-none-eabi/9.2.1/thumb/v7-m/nofp/crti.o
 .ARM.attributes
                0x0000001d       0x2d d:/gun-tools-arm-embedded/bin/../lib/gcc/arm-none-eabi/9.2.1/thumb/v7-m/nofp/crtbegin.o
 .ARM.attributes
                0x0000004a       0x2d CMakeFiles/7.BasicTim.elf.dir/Bsp/led.c.obj
 .ARM.attributes
                0x00000077       0x2d CMakeFiles/7.BasicTim.elf.dir/Bsp/oled.c.obj
 .ARM.attributes
                0x000000a4       0x2d CMakeFiles/7.BasicTim.elf.dir/Bsp/tim.c.obj
 .ARM.attributes
                0x000000d1       0x2d CMakeFiles/7.BasicTim.elf.dir/Core/Src/main.c.obj
 .ARM.attributes
                0x000000fe       0x2d CMakeFiles/7.BasicTim.elf.dir/Core/Src/stm32f1xx_hal_msp.c.obj
 .ARM.attributes
                0x0000012b       0x2d CMakeFiles/7.BasicTim.elf.dir/Core/Src/stm32f1xx_it.c.obj
 .ARM.attributes
                0x00000158       0x2d CMakeFiles/7.BasicTim.elf.dir/Core/Src/system_stm32f1xx.c.obj
 .ARM.attributes
                0x00000185       0x2d CMakeFiles/7.BasicTim.elf.dir/Drivers/STM32F1xx_HAL_Driver/Src/stm32f1xx_hal.c.obj
 .ARM.attributes
                0x000001b2       0x2d CMakeFiles/7.BasicTim.elf.dir/Drivers/STM32F1xx_HAL_Driver/Src/stm32f1xx_hal_cortex.c.obj
 .ARM.attributes
                0x000001df       0x2d CMakeFiles/7.BasicTim.elf.dir/Drivers/STM32F1xx_HAL_Driver/Src/stm32f1xx_hal_gpio.c.obj
 .ARM.attributes
                0x0000020c       0x2d CMakeFiles/7.BasicTim.elf.dir/Drivers/STM32F1xx_HAL_Driver/Src/stm32f1xx_hal_i2c.c.obj
 .ARM.attributes
                0x00000239       0x2d CMakeFiles/7.BasicTim.elf.dir/Drivers/STM32F1xx_HAL_Driver/Src/stm32f1xx_hal_rcc.c.obj
 .ARM.attributes
                0x00000266       0x2d CMakeFiles/7.BasicTim.elf.dir/Drivers/STM32F1xx_HAL_Driver/Src/stm32f1xx_hal_tim.c.obj
 .ARM.attributes
                0x00000293       0x2d CMakeFiles/7.BasicTim.elf.dir/Drivers/STM32F1xx_HAL_Driver/Src/stm32f1xx_hal_tim_ex.c.obj
 .ARM.attributes
                0x000002c0       0x21 CMakeFiles/7.BasicTim.elf.dir/startup/startup_stm32f103xb.s.obj
 .ARM.attributes
                0x000002e1       0x2d d:/gun-tools-arm-embedded/bin/../lib/gcc/arm-none-eabi/9.2.1/../../../../arm-none-eabi/lib/thumb/v7-m/nofp\libg.a(lib_a-impure.o)
 .ARM.attributes
                0x0000030e       0x2d d:/gun-tools-arm-embedded/bin/../lib/gcc/arm-none-eabi/9.2.1/../../../../arm-none-eabi/lib/thumb/v7-m/nofp\libg.a(lib_a-init.o)
 .ARM.attributes
                0x0000033b       0x2d d:/gun-tools-arm-embedded/bin/../lib/gcc/arm-none-eabi/9.2.1/../../../../arm-none-eabi/lib/thumb/v7-m/nofp\libg.a(lib_a-memset.o)
 .ARM.attributes
                0x00000368       0x2d d:/gun-tools-arm-embedded/bin/../lib/gcc/arm-none-eabi/9.2.1/../../../../arm-none-eabi/lib/thumb/v7-m/nofp\libg.a(lib_a-__call_atexit.o)
 .ARM.attributes
                0x00000395       0x2d d:/gun-tools-arm-embedded/bin/../lib/gcc/arm-none-eabi/9.2.1/../../../../arm-none-eabi/lib/thumb/v7-m/nofp\libg.a(lib_a-atexit.o)
 .ARM.attributes
                0x000003c2       0x2d d:/gun-tools-arm-embedded/bin/../lib/gcc/arm-none-eabi/9.2.1/../../../../arm-none-eabi/lib/thumb/v7-m/nofp\libg.a(lib_a-fini.o)
 .ARM.attributes
                0x000003ef       0x2d d:/gun-tools-arm-embedded/bin/../lib/gcc/arm-none-eabi/9.2.1/../../../../arm-none-eabi/lib/thumb/v7-m/nofp\libg.a(lib_a-lock.o)
 .ARM.attributes
                0x0000041c       0x2d d:/gun-tools-arm-embedded/bin/../lib/gcc/arm-none-eabi/9.2.1/../../../../arm-none-eabi/lib/thumb/v7-m/nofp\libg.a(lib_a-__atexit.o)
 .ARM.attributes
                0x00000449       0x1d d:/gun-tools-arm-embedded/bin/../lib/gcc/arm-none-eabi/9.2.1/thumb/v7-m/nofp/crtn.o
OUTPUT(7.BasicTim.elf elf32-littlearm)

.debug_info     0x00000000     0xfa8d
 .debug_info    0x00000000      0x363 CMakeFiles/7.BasicTim.elf.dir/Bsp/led.c.obj
 .debug_info    0x00000363     0x10c6 CMakeFiles/7.BasicTim.elf.dir/Bsp/oled.c.obj
 .debug_info    0x00001429      0xb57 CMakeFiles/7.BasicTim.elf.dir/Bsp/tim.c.obj
 .debug_info    0x00001f80      0xe49 CMakeFiles/7.BasicTim.elf.dir/Core/Src/main.c.obj
 .debug_info    0x00002dc9      0x9c9 CMakeFiles/7.BasicTim.elf.dir/Core/Src/stm32f1xx_hal_msp.c.obj
 .debug_info    0x00003792      0x239 CMakeFiles/7.BasicTim.elf.dir/Core/Src/stm32f1xx_it.c.obj
 .debug_info    0x000039cb      0x2c9 CMakeFiles/7.BasicTim.elf.dir/Core/Src/system_stm32f1xx.c.obj
 .debug_info    0x00003c94      0x831 CMakeFiles/7.BasicTim.elf.dir/Drivers/STM32F1xx_HAL_Driver/Src/stm32f1xx_hal.c.obj
 .debug_info    0x000044c5      0xe46 CMakeFiles/7.BasicTim.elf.dir/Drivers/STM32F1xx_HAL_Driver/Src/stm32f1xx_hal_cortex.c.obj
 .debug_info    0x0000530b      0x75b CMakeFiles/7.BasicTim.elf.dir/Drivers/STM32F1xx_HAL_Driver/Src/stm32f1xx_hal_gpio.c.obj
 .debug_info    0x00005a66     0x3b7e CMakeFiles/7.BasicTim.elf.dir/Drivers/STM32F1xx_HAL_Driver/Src/stm32f1xx_hal_i2c.c.obj
 .debug_info    0x000095e4      0xab0 CMakeFiles/7.BasicTim.elf.dir/Drivers/STM32F1xx_HAL_Driver/Src/stm32f1xx_hal_rcc.c.obj
 .debug_info    0x0000a094     0x3e32 CMakeFiles/7.BasicTim.elf.dir/Drivers/STM32F1xx_HAL_Driver/Src/stm32f1xx_hal_tim.c.obj
 .debug_info    0x0000dec6     0x1ba5 CMakeFiles/7.BasicTim.elf.dir/Drivers/STM32F1xx_HAL_Driver/Src/stm32f1xx_hal_tim_ex.c.obj
 .debug_info    0x0000fa6b       0x22 CMakeFiles/7.BasicTim.elf.dir/startup/startup_stm32f103xb.s.obj

.debug_abbrev   0x00000000     0x1e54
 .debug_abbrev  0x00000000      0x16e CMakeFiles/7.BasicTim.elf.dir/Bsp/led.c.obj
 .debug_abbrev  0x0000016e      0x257 CMakeFiles/7.BasicTim.elf.dir/Bsp/oled.c.obj
 .debug_abbrev  0x000003c5      0x23f CMakeFiles/7.BasicTim.elf.dir/Bsp/tim.c.obj
 .debug_abbrev  0x00000604      0x269 CMakeFiles/7.BasicTim.elf.dir/Core/Src/main.c.obj
 .debug_abbrev  0x0000086d      0x1dd CMakeFiles/7.BasicTim.elf.dir/Core/Src/stm32f1xx_hal_msp.c.obj
 .debug_abbrev  0x00000a4a       0xef CMakeFiles/7.BasicTim.elf.dir/Core/Src/stm32f1xx_it.c.obj
 .debug_abbrev  0x00000b39      0x151 CMakeFiles/7.BasicTim.elf.dir/Core/Src/system_stm32f1xx.c.obj
 .debug_abbrev  0x00000c8a      0x219 CMakeFiles/7.BasicTim.elf.dir/Drivers/STM32F1xx_HAL_Driver/Src/stm32f1xx_hal.c.obj
 .debug_abbrev  0x00000ea3      0x367 CMakeFiles/7.BasicTim.elf.dir/Drivers/STM32F1xx_HAL_Driver/Src/stm32f1xx_hal_cortex.c.obj
 .debug_abbrev  0x0000120a      0x213 CMakeFiles/7.BasicTim.elf.dir/Drivers/STM32F1xx_HAL_Driver/Src/stm32f1xx_hal_gpio.c.obj
 .debug_abbrev  0x0000141d      0x2bf CMakeFiles/7.BasicTim.elf.dir/Drivers/STM32F1xx_HAL_Driver/Src/stm32f1xx_hal_i2c.c.obj
 .debug_abbrev  0x000016dc      0x28d CMakeFiles/7.BasicTim.elf.dir/Drivers/STM32F1xx_HAL_Driver/Src/stm32f1xx_hal_rcc.c.obj
 .debug_abbrev  0x00001969      0x26b CMakeFiles/7.BasicTim.elf.dir/Drivers/STM32F1xx_HAL_Driver/Src/stm32f1xx_hal_tim.c.obj
 .debug_abbrev  0x00001bd4      0x26e CMakeFiles/7.BasicTim.elf.dir/Drivers/STM32F1xx_HAL_Driver/Src/stm32f1xx_hal_tim_ex.c.obj
 .debug_abbrev  0x00001e42       0x12 CMakeFiles/7.BasicTim.elf.dir/startup/startup_stm32f103xb.s.obj

.debug_aranges  0x00000000      0xc48
 .debug_aranges
                0x00000000       0x20 CMakeFiles/7.BasicTim.elf.dir/Bsp/led.c.obj
 .debug_aranges
                0x00000020       0x90 CMakeFiles/7.BasicTim.elf.dir/Bsp/oled.c.obj
 .debug_aranges
                0x000000b0       0x40 CMakeFiles/7.BasicTim.elf.dir/Bsp/tim.c.obj
 .debug_aranges
                0x000000f0       0x40 CMakeFiles/7.BasicTim.elf.dir/Core/Src/main.c.obj
 .debug_aranges
                0x00000130       0x30 CMakeFiles/7.BasicTim.elf.dir/Core/Src/stm32f1xx_hal_msp.c.obj
 .debug_aranges
                0x00000160       0x60 CMakeFiles/7.BasicTim.elf.dir/Core/Src/stm32f1xx_it.c.obj
 .debug_aranges
                0x000001c0       0x28 CMakeFiles/7.BasicTim.elf.dir/Core/Src/system_stm32f1xx.c.obj
 .debug_aranges
                0x000001e8       0xe0 CMakeFiles/7.BasicTim.elf.dir/Drivers/STM32F1xx_HAL_Driver/Src/stm32f1xx_hal.c.obj
 .debug_aranges
                0x000002c8       0x90 CMakeFiles/7.BasicTim.elf.dir/Drivers/STM32F1xx_HAL_Driver/Src/stm32f1xx_hal_cortex.c.obj
 .debug_aranges
                0x00000358       0x58 CMakeFiles/7.BasicTim.elf.dir/Drivers/STM32F1xx_HAL_Driver/Src/stm32f1xx_hal_gpio.c.obj
 .debug_aranges
                0x000003b0      0x2a8 CMakeFiles/7.BasicTim.elf.dir/Drivers/STM32F1xx_HAL_Driver/Src/stm32f1xx_hal_i2c.c.obj
 .debug_aranges
                0x00000658       0x90 CMakeFiles/7.BasicTim.elf.dir/Drivers/STM32F1xx_HAL_Driver/Src/stm32f1xx_hal_rcc.c.obj
 .debug_aranges
                0x000006e8      0x3d0 CMakeFiles/7.BasicTim.elf.dir/Drivers/STM32F1xx_HAL_Driver/Src/stm32f1xx_hal_tim.c.obj
 .debug_aranges
                0x00000ab8      0x168 CMakeFiles/7.BasicTim.elf.dir/Drivers/STM32F1xx_HAL_Driver/Src/stm32f1xx_hal_tim_ex.c.obj
 .debug_aranges
                0x00000c20       0x28 CMakeFiles/7.BasicTim.elf.dir/startup/startup_stm32f103xb.s.obj

.debug_ranges   0x00000000      0xc10
 .debug_ranges  0x00000000       0x10 CMakeFiles/7.BasicTim.elf.dir/Bsp/led.c.obj
 .debug_ranges  0x00000010       0x98 CMakeFiles/7.BasicTim.elf.dir/Bsp/oled.c.obj
 .debug_ranges  0x000000a8       0x30 CMakeFiles/7.BasicTim.elf.dir/Bsp/tim.c.obj
 .debug_ranges  0x000000d8       0x30 CMakeFiles/7.BasicTim.elf.dir/Core/Src/main.c.obj
 .debug_ranges  0x00000108       0x20 CMakeFiles/7.BasicTim.elf.dir/Core/Src/stm32f1xx_hal_msp.c.obj
 .debug_ranges  0x00000128       0x50 CMakeFiles/7.BasicTim.elf.dir/Core/Src/stm32f1xx_it.c.obj
 .debug_ranges  0x00000178       0x18 CMakeFiles/7.BasicTim.elf.dir/Core/Src/system_stm32f1xx.c.obj
 .debug_ranges  0x00000190       0xd0 CMakeFiles/7.BasicTim.elf.dir/Drivers/STM32F1xx_HAL_Driver/Src/stm32f1xx_hal.c.obj
 .debug_ranges  0x00000260       0xe0 CMakeFiles/7.BasicTim.elf.dir/Drivers/STM32F1xx_HAL_Driver/Src/stm32f1xx_hal_cortex.c.obj
 .debug_ranges  0x00000340       0x48 CMakeFiles/7.BasicTim.elf.dir/Drivers/STM32F1xx_HAL_Driver/Src/stm32f1xx_hal_gpio.c.obj
 .debug_ranges  0x00000388      0x2b0 CMakeFiles/7.BasicTim.elf.dir/Drivers/STM32F1xx_HAL_Driver/Src/stm32f1xx_hal_i2c.c.obj
 .debug_ranges  0x00000638       0xa0 CMakeFiles/7.BasicTim.elf.dir/Drivers/STM32F1xx_HAL_Driver/Src/stm32f1xx_hal_rcc.c.obj
 .debug_ranges  0x000006d8      0x3c0 CMakeFiles/7.BasicTim.elf.dir/Drivers/STM32F1xx_HAL_Driver/Src/stm32f1xx_hal_tim.c.obj
 .debug_ranges  0x00000a98      0x158 CMakeFiles/7.BasicTim.elf.dir/Drivers/STM32F1xx_HAL_Driver/Src/stm32f1xx_hal_tim_ex.c.obj
 .debug_ranges  0x00000bf0       0x20 CMakeFiles/7.BasicTim.elf.dir/startup/startup_stm32f103xb.s.obj

.debug_line     0x00000000     0xf64f
 .debug_line    0x00000000      0x227 CMakeFiles/7.BasicTim.elf.dir/Bsp/led.c.obj
 .debug_line    0x00000227      0x859 CMakeFiles/7.BasicTim.elf.dir/Bsp/oled.c.obj
 .debug_line    0x00000a80      0x350 CMakeFiles/7.BasicTim.elf.dir/Bsp/tim.c.obj
 .debug_line    0x00000dd0      0x44e CMakeFiles/7.BasicTim.elf.dir/Core/Src/main.c.obj
 .debug_line    0x0000121e      0x2f2 CMakeFiles/7.BasicTim.elf.dir/Core/Src/stm32f1xx_hal_msp.c.obj
 .debug_line    0x00001510      0x2d8 CMakeFiles/7.BasicTim.elf.dir/Core/Src/stm32f1xx_it.c.obj
 .debug_line    0x000017e8      0x2c0 CMakeFiles/7.BasicTim.elf.dir/Core/Src/system_stm32f1xx.c.obj
 .debug_line    0x00001aa8      0x550 CMakeFiles/7.BasicTim.elf.dir/Drivers/STM32F1xx_HAL_Driver/Src/stm32f1xx_hal.c.obj
 .debug_line    0x00001ff8      0x6a6 CMakeFiles/7.BasicTim.elf.dir/Drivers/STM32F1xx_HAL_Driver/Src/stm32f1xx_hal_cortex.c.obj
 .debug_line    0x0000269e      0x655 CMakeFiles/7.BasicTim.elf.dir/Drivers/STM32F1xx_HAL_Driver/Src/stm32f1xx_hal_gpio.c.obj
 .debug_line    0x00002cf3     0x5612 CMakeFiles/7.BasicTim.elf.dir/Drivers/STM32F1xx_HAL_Driver/Src/stm32f1xx_hal_i2c.c.obj
 .debug_line    0x00008305      0xc5f CMakeFiles/7.BasicTim.elf.dir/Drivers/STM32F1xx_HAL_Driver/Src/stm32f1xx_hal_rcc.c.obj
 .debug_line    0x00008f64     0x49ef CMakeFiles/7.BasicTim.elf.dir/Drivers/STM32F1xx_HAL_Driver/Src/stm32f1xx_hal_tim.c.obj
 .debug_line    0x0000d953     0x1c64 CMakeFiles/7.BasicTim.elf.dir/Drivers/STM32F1xx_HAL_Driver/Src/stm32f1xx_hal_tim_ex.c.obj
 .debug_line    0x0000f5b7       0x98 CMakeFiles/7.BasicTim.elf.dir/startup/startup_stm32f103xb.s.obj

.debug_str      0x00000000     0x3a19
 .debug_str     0x00000000      0x308 CMakeFiles/7.BasicTim.elf.dir/Bsp/led.c.obj
                                0x372 (size before relaxing)
 .debug_str     0x00000308      0x566 CMakeFiles/7.BasicTim.elf.dir/Bsp/oled.c.obj
                                0x857 (size before relaxing)
 .debug_str     0x0000086e      0x67d CMakeFiles/7.BasicTim.elf.dir/Bsp/tim.c.obj
                                0xb9e (size before relaxing)
 .debug_str     0x00000eeb      0x1fd CMakeFiles/7.BasicTim.elf.dir/Core/Src/main.c.obj
                                0xc77 (size before relaxing)
 .debug_str     0x000010e8       0xba CMakeFiles/7.BasicTim.elf.dir/Core/Src/stm32f1xx_hal_msp.c.obj
                                0x841 (size before relaxing)
 .debug_str     0x000011a2       0xd0 CMakeFiles/7.BasicTim.elf.dir/Core/Src/stm32f1xx_it.c.obj
                                0x366 (size before relaxing)
 .debug_str     0x00001272       0x6b CMakeFiles/7.BasicTim.elf.dir/Core/Src/system_stm32f1xx.c.obj
                                0x346 (size before relaxing)
 .debug_str     0x000012dd      0x29c CMakeFiles/7.BasicTim.elf.dir/Drivers/STM32F1xx_HAL_Driver/Src/stm32f1xx_hal.c.obj
                                0x8c3 (size before relaxing)
 .debug_str     0x00001579      0x3c1 CMakeFiles/7.BasicTim.elf.dir/Drivers/STM32F1xx_HAL_Driver/Src/stm32f1xx_hal_cortex.c.obj
                                0x9df (size before relaxing)
 .debug_str     0x0000193a      0x149 CMakeFiles/7.BasicTim.elf.dir/Drivers/STM32F1xx_HAL_Driver/Src/stm32f1xx_hal_gpio.c.obj
                                0x530 (size before relaxing)
 .debug_str     0x00001a83      0x904 CMakeFiles/7.BasicTim.elf.dir/Drivers/STM32F1xx_HAL_Driver/Src/stm32f1xx_hal_i2c.c.obj
                               0x10d3 (size before relaxing)
 .debug_str     0x00002387      0x1ed CMakeFiles/7.BasicTim.elf.dir/Drivers/STM32F1xx_HAL_Driver/Src/stm32f1xx_hal_rcc.c.obj
                                0x712 (size before relaxing)
 .debug_str     0x00002574      0xeb0 CMakeFiles/7.BasicTim.elf.dir/Drivers/STM32F1xx_HAL_Driver/Src/stm32f1xx_hal_tim.c.obj
                               0x176f (size before relaxing)
 .debug_str     0x00003424      0x5ad CMakeFiles/7.BasicTim.elf.dir/Drivers/STM32F1xx_HAL_Driver/Src/stm32f1xx_hal_tim_ex.c.obj
                                0xf70 (size before relaxing)
 .debug_str     0x000039d1       0x48 CMakeFiles/7.BasicTim.elf.dir/startup/startup_stm32f103xb.s.obj
                                 0x76 (size before relaxing)

.comment        0x00000000       0x79
 .comment       0x00000000       0x79 CMakeFiles/7.BasicTim.elf.dir/Bsp/led.c.obj
                                 0x7a (size before relaxing)
 .comment       0x00000079       0x7a CMakeFiles/7.BasicTim.elf.dir/Bsp/oled.c.obj
 .comment       0x00000079       0x7a CMakeFiles/7.BasicTim.elf.dir/Bsp/tim.c.obj
 .comment       0x00000079       0x7a CMakeFiles/7.BasicTim.elf.dir/Core/Src/main.c.obj
 .comment       0x00000079       0x7a CMakeFiles/7.BasicTim.elf.dir/Core/Src/stm32f1xx_hal_msp.c.obj
 .comment       0x00000079       0x7a CMakeFiles/7.BasicTim.elf.dir/Core/Src/stm32f1xx_it.c.obj
 .comment       0x00000079       0x7a CMakeFiles/7.BasicTim.elf.dir/Core/Src/system_stm32f1xx.c.obj
 .comment       0x00000079       0x7a CMakeFiles/7.BasicTim.elf.dir/Drivers/STM32F1xx_HAL_Driver/Src/stm32f1xx_hal.c.obj
 .comment       0x00000079       0x7a CMakeFiles/7.BasicTim.elf.dir/Drivers/STM32F1xx_HAL_Driver/Src/stm32f1xx_hal_cortex.c.obj
 .comment       0x00000079       0x7a CMakeFiles/7.BasicTim.elf.dir/Drivers/STM32F1xx_HAL_Driver/Src/stm32f1xx_hal_gpio.c.obj
 .comment       0x00000079       0x7a CMakeFiles/7.BasicTim.elf.dir/Drivers/STM32F1xx_HAL_Driver/Src/stm32f1xx_hal_i2c.c.obj
 .comment       0x00000079       0x7a CMakeFiles/7.BasicTim.elf.dir/Drivers/STM32F1xx_HAL_Driver/Src/stm32f1xx_hal_rcc.c.obj
 .comment       0x00000079       0x7a CMakeFiles/7.BasicTim.elf.dir/Drivers/STM32F1xx_HAL_Driver/Src/stm32f1xx_hal_tim.c.obj
 .comment       0x00000079       0x7a CMakeFiles/7.BasicTim.elf.dir/Drivers/STM32F1xx_HAL_Driver/Src/stm32f1xx_hal_tim_ex.c.obj

.debug_frame    0x00000000     0x2470
 .debug_frame   0x00000000       0x2c CMakeFiles/7.BasicTim.elf.dir/Bsp/led.c.obj
 .debug_frame   0x0000002c      0x1c4 CMakeFiles/7.BasicTim.elf.dir/Bsp/oled.c.obj
 .debug_frame   0x000001f0       0x84 CMakeFiles/7.BasicTim.elf.dir/Bsp/tim.c.obj
 .debug_frame   0x00000274       0x88 CMakeFiles/7.BasicTim.elf.dir/Core/Src/main.c.obj
 .debug_frame   0x000002fc       0x60 CMakeFiles/7.BasicTim.elf.dir/Core/Src/stm32f1xx_hal_msp.c.obj
 .debug_frame   0x0000035c       0xa8 CMakeFiles/7.BasicTim.elf.dir/Core/Src/stm32f1xx_it.c.obj
 .debug_frame   0x00000404       0x30 CMakeFiles/7.BasicTim.elf.dir/Core/Src/system_stm32f1xx.c.obj
 .debug_frame   0x00000434      0x1cc CMakeFiles/7.BasicTim.elf.dir/Drivers/STM32F1xx_HAL_Driver/Src/stm32f1xx_hal.c.obj
 .debug_frame   0x00000600      0x12c CMakeFiles/7.BasicTim.elf.dir/Drivers/STM32F1xx_HAL_Driver/Src/stm32f1xx_hal_cortex.c.obj
 .debug_frame   0x0000072c       0xe8 CMakeFiles/7.BasicTim.elf.dir/Drivers/STM32F1xx_HAL_Driver/Src/stm32f1xx_hal_gpio.c.obj
 .debug_frame   0x00000814      0x988 CMakeFiles/7.BasicTim.elf.dir/Drivers/STM32F1xx_HAL_Driver/Src/stm32f1xx_hal_i2c.c.obj
 .debug_frame   0x0000119c      0x184 CMakeFiles/7.BasicTim.elf.dir/Drivers/STM32F1xx_HAL_Driver/Src/stm32f1xx_hal_rcc.c.obj
 .debug_frame   0x00001320      0xb38 CMakeFiles/7.BasicTim.elf.dir/Drivers/STM32F1xx_HAL_Driver/Src/stm32f1xx_hal_tim.c.obj
 .debug_frame   0x00001e58      0x420 CMakeFiles/7.BasicTim.elf.dir/Drivers/STM32F1xx_HAL_Driver/Src/stm32f1xx_hal_tim_ex.c.obj
 .debug_frame   0x00002278       0x2c d:/gun-tools-arm-embedded/bin/../lib/gcc/arm-none-eabi/9.2.1/../../../../arm-none-eabi/lib/thumb/v7-m/nofp\libg.a(lib_a-init.o)
 .debug_frame   0x000022a4       0x38 d:/gun-tools-arm-embedded/bin/../lib/gcc/arm-none-eabi/9.2.1/../../../../arm-none-eabi/lib/thumb/v7-m/nofp\libg.a(lib_a-memset.o)
 .debug_frame   0x000022dc       0x5c d:/gun-tools-arm-embedded/bin/../lib/gcc/arm-none-eabi/9.2.1/../../../../arm-none-eabi/lib/thumb/v7-m/nofp\libg.a(lib_a-__call_atexit.o)
 .debug_frame   0x00002338       0x20 d:/gun-tools-arm-embedded/bin/../lib/gcc/arm-none-eabi/9.2.1/../../../../arm-none-eabi/lib/thumb/v7-m/nofp\libg.a(lib_a-atexit.o)
 .debug_frame   0x00002358       0x34 d:/gun-tools-arm-embedded/bin/../lib/gcc/arm-none-eabi/9.2.1/../../../../arm-none-eabi/lib/thumb/v7-m/nofp\libg.a(lib_a-fini.o)
 .debug_frame   0x0000238c       0xb0 d:/gun-tools-arm-embedded/bin/../lib/gcc/arm-none-eabi/9.2.1/../../../../arm-none-eabi/lib/thumb/v7-m/nofp\libg.a(lib_a-lock.o)
 .debug_frame   0x0000243c       0x34 d:/gun-tools-arm-embedded/bin/../lib/gcc/arm-none-eabi/9.2.1/../../../../arm-none-eabi/lib/thumb/v7-m/nofp\libg.a(lib_a-__atexit.o)

.debug_loc      0x00000000     0xca88
 .debug_loc     0x00000000      0x81c CMakeFiles/7.BasicTim.elf.dir/Bsp/oled.c.obj
 .debug_loc     0x0000081c       0xb1 CMakeFiles/7.BasicTim.elf.dir/Bsp/tim.c.obj
 .debug_loc     0x000008cd       0x7c CMakeFiles/7.BasicTim.elf.dir/Core/Src/stm32f1xx_hal_msp.c.obj
 .debug_loc     0x00000949       0xff CMakeFiles/7.BasicTim.elf.dir/Core/Src/system_stm32f1xx.c.obj
 .debug_loc     0x00000a48      0x141 CMakeFiles/7.BasicTim.elf.dir/Drivers/STM32F1xx_HAL_Driver/Src/stm32f1xx_hal.c.obj
 .debug_loc     0x00000b89      0x71f CMakeFiles/7.BasicTim.elf.dir/Drivers/STM32F1xx_HAL_Driver/Src/stm32f1xx_hal_cortex.c.obj
 .debug_loc     0x000012a8      0x468 CMakeFiles/7.BasicTim.elf.dir/Drivers/STM32F1xx_HAL_Driver/Src/stm32f1xx_hal_gpio.c.obj
 .debug_loc     0x00001710     0x4129 CMakeFiles/7.BasicTim.elf.dir/Drivers/STM32F1xx_HAL_Driver/Src/stm32f1xx_hal_i2c.c.obj
 .debug_loc     0x00005839      0x5e7 CMakeFiles/7.BasicTim.elf.dir/Drivers/STM32F1xx_HAL_Driver/Src/stm32f1xx_hal_rcc.c.obj
 .debug_loc     0x00005e20     0x5028 CMakeFiles/7.BasicTim.elf.dir/Drivers/STM32F1xx_HAL_Driver/Src/stm32f1xx_hal_tim.c.obj
 .debug_loc     0x0000ae48     0x1c40 CMakeFiles/7.BasicTim.elf.dir/Drivers/STM32F1xx_HAL_Driver/Src/stm32f1xx_hal_tim_ex.c.obj
